Component: ARM Compiler 5.05 update 1 (build 106) Tool: armlink [4d0efa]

==============================================================================

Section Cross References

    startup_stm32f407xx.o(RESET) refers to startup_stm32f407xx.o(STACK) for __initial_sp
    startup_stm32f407xx.o(RESET) refers to startup_stm32f407xx.o(.text) for Reset_Handler
    startup_stm32f407xx.o(RESET) refers to port.o(.emb_text) for SVC_Handler
    startup_stm32f407xx.o(RESET) refers to stm32f4xx_it.o(i.SysTick_Handler) for SysTick_Handler
    startup_stm32f407xx.o(RESET) refers to stm32f4xx_it.o(i.USART1_IRQHandler) for USART1_IRQHandler
    startup_stm32f407xx.o(RESET) refers to stm32f4xx_it.o(i.RTC_Alarm_IRQHandler) for RTC_Alarm_IRQHandler
    startup_stm32f407xx.o(RESET) refers to stm32f4xx_it.o(i.OTG_FS_IRQHandler) for OTG_FS_IRQHandler
    startup_stm32f407xx.o(.text) refers to system_stm32f4xx.o(i.SystemInit) for SystemInit
    startup_stm32f407xx.o(.text) refers to entry.o(.ARM.Collect$$$$00000000) for __main
    usbd_ctlreq.o(i.USBD_ClrFeature) refers to usbd_ioreq.o(i.USBD_CtlSendStatus) for USBD_CtlSendStatus
    usbd_ctlreq.o(i.USBD_ClrFeature) refers to usbd_ctlreq.o(i.USBD_CtlError) for USBD_CtlError
    usbd_ctlreq.o(i.USBD_CtlError) refers to usbd_conf.o(i.USBD_LL_StallEP) for USBD_LL_StallEP
    usbd_ctlreq.o(i.USBD_GetConfig) refers to usbd_ctlreq.o(i.USBD_CtlError) for USBD_CtlError
    usbd_ctlreq.o(i.USBD_GetConfig) refers to usbd_ioreq.o(i.USBD_CtlSendData) for USBD_CtlSendData
    usbd_ctlreq.o(i.USBD_GetDescriptor) refers to usbd_ctlreq.o(i.USBD_CtlError) for USBD_CtlError
    usbd_ctlreq.o(i.USBD_GetDescriptor) refers to usbd_ioreq.o(i.USBD_CtlSendData) for USBD_CtlSendData
    usbd_ctlreq.o(i.USBD_GetStatus) refers to usbd_ioreq.o(i.USBD_CtlSendData) for USBD_CtlSendData
    usbd_ctlreq.o(i.USBD_GetStatus) refers to usbd_ctlreq.o(i.USBD_CtlError) for USBD_CtlError
    usbd_ctlreq.o(i.USBD_GetString) refers to usbd_ctlreq.o(i.USBD_GetLen) for USBD_GetLen
    usbd_ctlreq.o(i.USBD_SetAddress) refers to usbd_ctlreq.o(i.USBD_CtlError) for USBD_CtlError
    usbd_ctlreq.o(i.USBD_SetAddress) refers to usbd_conf.o(i.USBD_LL_SetUSBAddress) for USBD_LL_SetUSBAddress
    usbd_ctlreq.o(i.USBD_SetAddress) refers to usbd_ioreq.o(i.USBD_CtlSendStatus) for USBD_CtlSendStatus
    usbd_ctlreq.o(i.USBD_SetConfig) refers to usbd_ctlreq.o(i.USBD_CtlError) for USBD_CtlError
    usbd_ctlreq.o(i.USBD_SetConfig) refers to usbd_core.o(i.USBD_SetClassConfig) for USBD_SetClassConfig
    usbd_ctlreq.o(i.USBD_SetConfig) refers to usbd_ioreq.o(i.USBD_CtlSendStatus) for USBD_CtlSendStatus
    usbd_ctlreq.o(i.USBD_SetConfig) refers to usbd_core.o(i.USBD_ClrClassConfig) for USBD_ClrClassConfig
    usbd_ctlreq.o(i.USBD_SetConfig) refers to usbd_ctlreq.o(.data) for cfgidx
    usbd_ctlreq.o(i.USBD_SetFeature) refers to usbd_ioreq.o(i.USBD_CtlSendStatus) for USBD_CtlSendStatus
    usbd_ctlreq.o(i.USBD_StdDevReq) refers to usbd_ctlreq.o(i.USBD_GetDescriptor) for USBD_GetDescriptor
    usbd_ctlreq.o(i.USBD_StdDevReq) refers to usbd_ctlreq.o(i.USBD_SetAddress) for USBD_SetAddress
    usbd_ctlreq.o(i.USBD_StdDevReq) refers to usbd_ctlreq.o(i.USBD_SetConfig) for USBD_SetConfig
    usbd_ctlreq.o(i.USBD_StdDevReq) refers to usbd_ctlreq.o(i.USBD_GetConfig) for USBD_GetConfig
    usbd_ctlreq.o(i.USBD_StdDevReq) refers to usbd_ctlreq.o(i.USBD_GetStatus) for USBD_GetStatus
    usbd_ctlreq.o(i.USBD_StdDevReq) refers to usbd_ctlreq.o(i.USBD_SetFeature) for USBD_SetFeature
    usbd_ctlreq.o(i.USBD_StdDevReq) refers to usbd_ctlreq.o(i.USBD_ClrFeature) for USBD_ClrFeature
    usbd_ctlreq.o(i.USBD_StdDevReq) refers to usbd_ctlreq.o(i.USBD_CtlError) for USBD_CtlError
    usbd_ctlreq.o(i.USBD_StdEPReq) refers to usbd_conf.o(i.USBD_LL_StallEP) for USBD_LL_StallEP
    usbd_ctlreq.o(i.USBD_StdEPReq) refers to usbd_ioreq.o(i.USBD_CtlSendStatus) for USBD_CtlSendStatus
    usbd_ctlreq.o(i.USBD_StdEPReq) refers to usbd_ctlreq.o(i.USBD_CtlError) for USBD_CtlError
    usbd_ctlreq.o(i.USBD_StdEPReq) refers to usbd_conf.o(i.USBD_LL_ClearStallEP) for USBD_LL_ClearStallEP
    usbd_ctlreq.o(i.USBD_StdEPReq) refers to usbd_conf.o(i.USBD_LL_IsStallEP) for USBD_LL_IsStallEP
    usbd_ctlreq.o(i.USBD_StdEPReq) refers to usbd_ioreq.o(i.USBD_CtlSendData) for USBD_CtlSendData
    usbd_ctlreq.o(i.USBD_StdItfReq) refers to usbd_ioreq.o(i.USBD_CtlSendStatus) for USBD_CtlSendStatus
    usbd_ctlreq.o(i.USBD_StdItfReq) refers to usbd_ctlreq.o(i.USBD_CtlError) for USBD_CtlError
    usbd_cdc.o(i.USBD_CDC_DataOut) refers to usbd_conf.o(i.USBD_LL_GetRxDataSize) for USBD_LL_GetRxDataSize
    usbd_cdc.o(i.USBD_CDC_DeInit) refers to usbd_conf.o(i.USBD_LL_CloseEP) for USBD_LL_CloseEP
    usbd_cdc.o(i.USBD_CDC_DeInit) refers to malloc.o(i.free) for free
    usbd_cdc.o(i.USBD_CDC_GetDeviceQualifierDescriptor) refers to usbd_cdc.o(.data) for USBD_CDC_DeviceQualifierDesc
    usbd_cdc.o(i.USBD_CDC_GetFSCfgDesc) refers to usbd_cdc.o(.data) for USBD_CDC_CfgFSDesc
[...]
    i.pvPortMalloc                           0x0800664c   Section        0  heap_4.o(i.pvPortMalloc)
    i.pvTaskIncrementMutexHeldCount          0x08006788   Section        0  tasks.o(i.pvTaskIncrementMutexHeldCount)
    i.pxPortInitialiseStack                  0x080067a8   Section        0  port.o(i.pxPortInitialiseStack)
    i.uart_read                              0x080067d0   Section        0  usart.o(i.uart_read)
    i.uxListRemove                           0x08006800   Section        0  list.o(i.uxListRemove)
    i.vListInitialise                        0x08006828   Section        0  list.o(i.vListInitialise)
    i.vListInitialiseItem                    0x08006842   Section        0  list.o(i.vListInitialiseItem)
    i.vListInsert                            0x08006848   Section        0  list.o(i.vListInsert)
    i.vListInsertEnd                         0x0800687c   Section        0  list.o(i.vListInsertEnd)
    i.vPortEnterCritical                     0x08006894   Section        0  port.o(i.vPortEnterCritical)
    i.vPortExitCritical                      0x080068e8   Section        0  port.o(i.vPortExitCritical)
    i.vPortFree                              0x08006924   Section        0  heap_4.o(i.vPortFree)
    i.vPortSetupTimerInterrupt               0x080069b8   Section        0  port.o(i.vPortSetupTimerInterrupt)
    i.vPortValidateInterruptPriority         0x080069d8   Section        0  port.o(i.vPortValidateInterruptPriority)
    i.vTaskDelay                             0x08006a50   Section        0  tasks.o(i.vTaskDelay)
    i.vTaskMissedYield                       0x08006adc   Section        0  tasks.o(i.vTaskMissedYield)
    i.vTaskPlaceOnEventList                  0x08006ae8   Section        0  tasks.o(i.vTaskPlaceOnEventList)
    i.vTaskPriorityInherit                   0x08006b64   Section        0  tasks.o(i.vTaskPriorityInherit)
    i.vTaskSetTimeOutState                   0x08006c14   Section        0  tasks.o(i.vTaskSetTimeOutState)
    i.vTaskStartScheduler                    0x08006c44   Section        0  tasks.o(i.vTaskStartScheduler)
    i.vTaskSuspendAll                        0x08006cb4   Section        0  tasks.o(i.vTaskSuspendAll)
    i.vTaskSwitchContext                     0x08006cc4   Section        0  tasks.o(i.vTaskSwitchContext)
    i.xPortStartScheduler                    0x08006d50   Section        0  port.o(i.xPortStartScheduler)
    i.xPortSysTickHandler                    0x08006e8c   Section        0  port.o(i.xPortSysTickHandler)
    i.xQueueCreateCountingSemaphore          0x08006ec0   Section        0  queue.o(i.xQueueCreateCountingSemaphore)
    i.xQueueGenericCreate                    0x08006f34   Section        0  queue.o(i.xQueueGenericCreate)
    i.xQueueGenericReceive                   0x08006fc0   Section        0  queue.o(i.xQueueGenericReceive)
    i.xQueueGenericReset                     0x0800716c   Section        0  queue.o(i.xQueueGenericReset)
    i.xQueueGenericSend                      0x08007200   Section        0  queue.o(i.xQueueGenericSend)
    i.xQueueGiveFromISR                      0x080073a0   Section        0  queue.o(i.xQueueGiveFromISR)
    i.xQueueReceiveFromISR                   0x08007476   Section        0  queue.o(i.xQueueReceiveFromISR)
    i.xTaskCheckForTimeOut                   0x08007534   Section        0  tasks.o(i.xTaskCheckForTimeOut)
    i.xTaskGenericCreate                     0x080075c0   Section        0  tasks.o(i.xTaskGenericCreate)
    i.xTaskGetSchedulerState                 0x08007730   Section        0  tasks.o(i.xTaskGetSchedulerState)
    i.xTaskIncrementTick                     0x08007750   Section        0  tasks.o(i.xTaskIncrementTick)
    i.xTaskPriorityDisinherit                0x0800789c   Section        0  tasks.o(i.xTaskPriorityDisinherit)
    i.xTaskRemoveFromEventList               0x08007964   Section        0  tasks.o(i.xTaskRemoveFromEventList)
    i.xTaskResumeAll                         0x080079fc   Section        0  tasks.o(i.xTaskResumeAll)
    .constdata                               0x08007b00   Section       40  freertos.o(.constdata)
    .constdata                               0x08007b28   Section       16  stm32f4xx_hal_rcc.o(.constdata)
    .constdata                               0x08007b38   Section       16  segger_rtt_printf.o(.constdata)
    _aV2C                                    0x08007b38   Data          16  segger_rtt_printf.o(.constdata)
    .conststring                             0x08007b48   Section       24  freertos.o(.conststring)
    .conststring                             0x08007b60   Section        9  segger_rtt.o(.conststring)
    .data                                    0x20000000   Section        1  usbd_ctlreq.o(.data)
    cfgidx                                   0x20000000   Data           1  usbd_ctlreq.o(.data)
    .data                                    0x20000004   Section      272  usbd_cdc.o(.data)
    USBD_CDC_DeviceQualifierDesc             0x20000004   Data          10  usbd_cdc.o(.data)
    ifalt                                    0x20000113   Data           1  usbd_cdc.o(.data)
    .data                                    0x20000114   Section       28  usbd_cdc_if.o(.data)
    .data                                    0x20000130   Section       52  usbd_desc.o(.data)
    .data                                    0x20000164   Section        8  freertos.o(.data)
    .data                                    0x2000016c   Section        1  usart.o(.data)
    .data                                    0x20000170   Section        4  stm32f4xx_hal.o(.data)
    .data                                    0x20000174   Section        4  system_stm32f4xx.o(.data)
    .data                                    0x20000178   Section       56  tasks.o(.data)
    pxDelayedTaskList                        0x2000017c   Data           4  tasks.o(.data)
    pxOverflowDelayedTaskList                0x20000180   Data           4  tasks.o(.data)
    uxTasksDeleted                           0x20000184   Data           4  tasks.o(.data)
    uxCurrentNumberOfTasks                   0x20000188   Data           4  tasks.o(.data)
    xTickCount                               0x2000018c   Data           4  tasks.o(.data)
    uxTopReadyPriority                       0x20000190   Data           4  tasks.o(.data)
    xSchedulerRunning                        0x20000194   Data           4  tasks.o(.data)
    uxPendedTicks                            0x20000198   Data           4  tasks.o(.data)
    xYieldPending                            0x2000019c   Data           4  tasks.o(.data)
    xNumOfOverflows                          0x200001a0   Data           4  tasks.o(.data)
    uxTaskNumber                             0x200001a4   Data           4  tasks.o(.data)
    xNextTaskUnblockTime                     0x200001a8   Data           4  tasks.o(.data)
    uxSchedulerSuspended                     0x200001ac   Data           4  tasks.o(.data)
    .data                                    0x200001b0   Section       24  heap_4.o(.data)
    xStart                                   0x200001b0   Data           8  heap_4.o(.data)
    pxEnd                                    0x200001b8   Data           4  heap_4.o(.data)
    xFreeBytesRemaining                      0x200001bc   Data           4  heap_4.o(.data)
    xMinimumEverFreeBytesRemaining           0x200001c0   Data           4  heap_4.o(.data)
    xBlockAllocatedBit                       0x200001c4   Data           4  heap_4.o(.data)
    .data                                    0x200001c8   Section       12  port.o(.data)
    uxCriticalNesting                        0x200001c8   Data           4  port.o(.data)
    ucMaxSysCallPriority                     0x200001cc   Data           1  port.o(.data)
    ulMaxPRIGROUPValue                       0x200001d0   Data           4  port.o(.data)
    .data                                    0x200001d4   Section        8  eric_rtc.o(.data)
    .data                                    0x200001dc   Section       17  eric_flash.o(.data)
    FirstSector                              0x200001dc   Data           4  eric_flash.o(.data)
    NbOfSectors                              0x200001e0   Data           4  eric_flash.o(.data)
    Address                                  0x200001e4   Data           4  eric_flash.o(.data)
    SectorError                              0x200001e8   Data           4  eric_flash.o(.data)
    curr_index                               0x200001ec   Data           1  eric_flash.o(.data)
    .data                                    0x200001f0   Section      120  segger_rtt.o(.data)
    _SEGGER_RTT                              0x200001f0   Data         120  segger_rtt.o(.data)
    .data                                    0x20000268   Section        4  mvars.o(.data)
    .data                                    0x2000026c   Section        4  mvars.o(.data)
    .bss                                     0x20000270   Section      952  usbd_conf.o(.bss)
    .bss                                     0x20000628   Section      512  usbd_desc.o(.bss)
    .bss                                     0x20000828   Section      548  usb_device.o(.bss)
    .bss                                     0x20000a4c   Section       68  i2c.o(.bss)
    .bss                                     0x20000a90   Section       88  spi.o(.bss)
    .bss                                     0x20000ae8   Section       64  usart.o(.bss)
    .bss                                     0x20000b28   Section       32  stm32f4xx_hal_flash.o(.bss)
    .bss                                     0x20000b48   Section      240  tasks.o(.bss)
    pxReadyTasksLists                        0x20000b48   Data         140  tasks.o(.bss)
    xDelayedTaskList1                        0x20000bd4   Data          20  tasks.o(.bss)
    xDelayedTaskList2                        0x20000be8   Data          20  tasks.o(.bss)
    xPendingReadyList                        0x20000bfc   Data          20  tasks.o(.bss)
    xTasksWaitingTermination                 0x20000c10   Data          20  tasks.o(.bss)
    xSuspendedTaskList                       0x20000c24   Data          20  tasks.o(.bss)
    .bss                                     0x20000c38   Section    15360  heap_4.o(.bss)
    ucHeap                                   0x20000c38   Data       15360  heap_4.o(.bss)
    .bss                                     0x20004838   Section       72  eric_rtc.o(.bss)
    salarmstructure                          0x20004858   Data          40  eric_rtc.o(.bss)
    .bss                                     0x20004880   Section      256  eric_flash.o(.bss)
    EraseInitStruct                          0x20004880   Data          20  eric_flash.o(.bss)
    .bss                                     0x20004980   Section     1040  segger_rtt.o(.bss)
    _acUpBuffer                              0x20004980   Data        1024  segger_rtt.o(.bss)
    _acDownBuffer                            0x20004d80   Data          16  segger_rtt.o(.bss)
    HEAP                                     0x20004d90   Section     1024  startup_stm32f407xx.o(HEAP)
    STACK                                    0x20005190   Section      512  startup_stm32f407xx.o(STACK)

    Global Symbols

    Symbol Name                              Value     Ov Type        Size  Object(Section)

    BuildAttributes$$THM_ISAv4$E$P$D$K$B$S$7EM$VFPi3$EXTD16$VFPS$VFMA$PE$A:L22UL41UL21$X:L11$S22US41US21$IEEE1$IW$USESV6$~STKCKD$USESV7$~SHL$OSPACE$EBA8$MICROLIB$REQ8$PRES8$EABIv2 0x00000000   Number         0  anon$$obj.o ABSOLUTE
    __ARM_use_no_argv                        0x00000000   Number         0  main.o ABSOLUTE
    __cpp_initialize__aeabi_                  - Undefined Weak Reference
    __cxa_finalize                            - Undefined Weak Reference
    _clock_init                               - Undefined Weak Reference
    _microlib_exit                            - Undefined Weak Reference
    __Vectors_Size                           0x00000188   Number         0  startup_stm32f407xx.o ABSOLUTE
    __Vectors                                0x08000000   Data           4  startup_stm32f407xx.o(RESET)
    __Vectors_End                            0x08000188   Data           0  startup_stm32f407xx.o(RESET)
    __main                                   0x08000189   Thumb Code     0  entry.o(.ARM.Collect$$$$00000000)
    _main_stk                                0x08000189   Thumb Code     0  entry2.o(.ARM.Collect$$$$00000001)
    _main_scatterload                        0x0800018d   Thumb Code     0  entry5.o(.ARM.Collect$$$$00000004)
    __main_after_scatterload                 0x08000191   Thumb Code     0  entry5.o(.ARM.Collect$$$$00000004)
    _main_clock                              0x08000191   Thumb Code     0  entry7b.o(.ARM.Collect$$$$00000008)
    _main_cpp_init                           0x08000191   Thumb Code     0  entry8b.o(.ARM.Collect$$$$0000000A)
    _main_init                               0x08000191   Thumb Code     0  entry9a.o(.ARM.Collect$$$$0000000B)
    __rt_final_cpp                           0x08000199   Thumb Code     0  entry10a.o(.ARM.Collect$$$$0000000D)
    __rt_final_exit                          0x08000199   Thumb Code     0  entry11a.o(.ARM.Collect$$$$0000000F)
    SVC_Handler                              0x0800019d   Thumb Code    28  port.o(.emb_text)
    __asm___6_port_c_39a90d8d__prvStartFirstTask 0x080001bd   Thumb Code    28  port.o(.emb_text)
    __asm___6_port_c_39a90d8d__prvEnableVFP  0x080001dd   Thumb Code    16  port.o(.emb_text)
    PendSV_Handler                           0x080001f1   Thumb Code    92  port.o(.emb_text)
    vPortGetIPSR                             0x08000251   Thumb Code     6  port.o(.emb_text)
    Reset_Handler                            0x08000259   Thumb Code     8  startup_stm32f407xx.o(.text)
    NMI_Handler                              0x08000261   Thumb Code     2  startup_stm32f407xx.o(.text)
    HardFault_Handler                        0x08000263   Thumb Code     2  startup_stm32f407xx.o(.text)
    MemManage_Handler                        0x08000265   Thumb Code     2  startup_stm32f407xx.o(.text)
    BusFault_Handler                         0x08000267   Thumb Code     2  startup_stm32f407xx.o(.text)
    UsageFault_Handler                       0x08000269   Thumb Code     2  startup_stm32f407xx.o(.text)
    DebugMon_Handler                         0x0800026d   Thumb Code     2  startup_stm32f407xx.o(.text)
    ADC_IRQHandler                           0x08000273   Thumb Code     0  startup_stm32f407xx.o(.text)
    CAN1_RX0_IRQHandler                      0x08000273   Thumb Code     0  startup_stm32f407xx.o(.text)
    CAN1_RX1_IRQHandler                      0x08000273   Thumb Code     0  startup_stm32f407xx.o(.text)
    CAN1_SCE_IRQHandler                      0x08000273   Thumb Code     0  startup_stm32f407xx.o(.text)
    CAN1_TX_IRQHandler                       0x08000273   Thumb Code     0  startup_stm32f407xx.o(.text)
    CAN2_RX0_IRQHandler                      0x08000273   Thumb Code     0  startup_stm32f407xx.o(.text)
    CAN2_RX1_IRQHandler                      0x08000273   Thumb Code     0  startup_stm32f407xx.o(.text)
    CAN2_SCE_IRQHandler                      0x08000273   Thumb Code     0  startup_stm32f407xx.o(.text)
    CAN2_TX_IRQHandler                       0x08000273   Thumb Code     0  startup_stm32f407xx.o(.text)
    DCMI_IRQHandler                          0x08000273   Thumb Code     0  startup_stm32f407xx.o(.text)
    DMA1_Stream0_IRQHandler                  0x08000273   Thumb Code     0  startup_stm32f407xx.o(.text)
    DMA1_Stream1_IRQHandler                  0x08000273   Thumb Code     0  startup_stm32f407xx.o(.text)
    DMA1_Stream2_IRQHandler                  0x08000273   Thumb Code     0  startup_stm32f407xx.o(.text)
    DMA1_Stream3_IRQHandler                  0x08000273   Thumb Code     0  startup_stm32f407xx.o(.text)
    DMA1_Stream4_IRQHandler                  0x08000273   Thumb Code     0  startup_stm32f407xx.o(.text)
    DMA1_Stream5_IRQHandler                  0x08000273   Thumb Code     0  startup_stm32f407xx.o(.text)
    DMA1_Stream6_IRQHandler                  0x08000273   Thumb Code     0  startup_stm32f407xx.o(.text)
    DMA1_Stream7_IRQHandler                  0x08000273   Thumb Code     0  startup_stm32f407xx.o(.text)
    DMA2_Stream0_IRQHandler                  0x08000273   Thumb Code     0  startup_stm32f407xx.o(.text)
    DMA2_Stream1_IRQHandler                  0x08000273   Thumb Code     0  startup_stm32f407xx.o(.text)
    DMA2_Stream2_IRQHandler                  0x08000273   Thumb Code     0  startup_stm32f407xx.o(.text)
    DMA2_Stream3_IRQHandler                  0x08000273   Thumb Code     0  startup_stm32f407xx.o(.text)
    DMA2_Stream4_IRQHandler                  0x08000273   Thumb Code     0  startup_stm32f407xx.o(.text)
    DMA2_Stream5_IRQHandler                  0x08000273   Thumb Code     0  startup_stm32f407xx.o(.text)
    DMA2_Stream6_IRQHandler                  0x08000273   Thumb Code     0  startup_stm32f407xx.o(.text)
    DMA2_Stream7_IRQHandler                  0x08000273   Thumb Code     0  startup_stm32f407xx.o(.text)
    ETH_IRQHandler                           0x08000273   Thumb Code     0  startup_stm32f407xx.o(.text)
    ETH_WKUP_IRQHandler                      0x08000273   Thumb Code     0  startup_stm32f407xx.o(.text)
    EXTI0_IRQHandler                         0x08000273   Thumb Code     0  startup_stm32f407xx.o(.text)
    EXTI15_10_IRQHandler                     0x08000273   Thumb Code     0  startup_stm32f407xx.o(.text)
    EXTI1_IRQHandler                         0x08000273   Thumb Code     0  startup_stm32f407xx.o(.text)
    EXTI2_IRQHandler                         0x08000273   Thumb Code     0  startup_stm32f407xx.o(.text)
    EXTI3_IRQHandler                         0x08000273   Thumb Code     0  startup_stm32f407xx.o(.text)
    EXTI4_IRQHandler                         0x08000273   Thumb Code     0  startup_stm32f407xx.o(.text)
    EXTI9_5_IRQHandler                       0x08000273   Thumb Code     0  startup_stm32f407xx.o(.text)
    FLASH_IRQHandler                         0x08000273   Thumb Code     0  startup_stm32f407xx.o(.text)
    FMC_IRQHandler                           0x08000273   Thumb Code     0  startup_stm32f407xx.o(.text)
    FPU_IRQHandler                           0x08000273   Thumb Code     0  startup_stm32f407xx.o(.text)
    HASH_RNG_IRQHandler                      0x08000273   Thumb Code     0  startup_stm32f407xx.o(.text)
    I2C1_ER_IRQHandler                       0x08000273   Thumb Code     0  startup_stm32f407xx.o(.text)
    I2C1_EV_IRQHandler                       0x08000273   Thumb Code     0  startup_stm32f407xx.o(.text)
    I2C2_ER_IRQHandler                       0x08000273   Thumb Code     0  startup_stm32f407xx.o(.text)
    I2C2_EV_IRQHandler                       0x08000273   Thumb Code     0  startup_stm32f407xx.o(.text)
    I2C3_ER_IRQHandler                       0x08000273   Thumb Code     0  startup_stm32f407xx.o(.text)
    I2C3_EV_IRQHandler                       0x08000273   Thumb Code     0  startup_stm32f407xx.o(.text)
    OTG_FS_WKUP_IRQHandler                   0x08000273   Thumb Code     0  startup_stm32f407xx.o(.text)
    OTG_HS_EP1_IN_IRQHandler                 0x08000273   Thumb Code     0  startup_stm32f407xx.o(.text)
    OTG_HS_EP1_OUT_IRQHandler                0x08000273   Thumb Code     0  startup_stm32f407xx.o(.text)
    OTG_HS_IRQHandler                        0x08000273   Thumb Code     0  startup_stm32f407xx.o(.text)
    OTG_HS_WKUP_IRQHandler                   0x08000273   Thumb Code     0  startup_stm32f407xx.o(.text)
    PVD_IRQHandler                           0x08000273   Thumb Code     0  startup_stm32f407xx.o(.text)
    RCC_IRQHandler                           0x08000273   Thumb Code     0  startup_stm32f407xx.o(.text)
    RTC_WKUP_IRQHandler                      0x08000273   Thumb Code     0  startup_stm32f407xx.o(.text)
    SDIO_IRQHandler                          0x08000273   Thumb Code     0  startup_stm32f407xx.o(.text)
    SPI1_IRQHandler                          0x08000273   Thumb Code     0  startup_stm32f407xx.o(.text)
    SPI2_IRQHandler                          0x08000273   Thumb Code     0  startup_stm32f407xx.o(.text)
    SPI3_IRQHandler                          0x08000273   Thumb Code     0  startup_stm32f407xx.o(.text)
    TAMP_STAMP_IRQHandler                    0x08000273   Thumb Code     0  startup_stm32f407xx.o(.text)
    TIM1_BRK_TIM9_IRQHandler                 0x08000273   Thumb Code     0  startup_stm32f407xx.o(.text)
    TIM1_CC_IRQHandler                       0x08000273   Thumb Code     0  startup_stm32f407xx.o(.text)
    TIM1_TRG_COM_TIM11_IRQHandler            0x08000273   Thumb Code     0  startup_stm32f407xx.o(.text)
    TIM1_UP_TIM10_IRQHandler                 0x08000273   Thumb Code     0  startup_stm32f407xx.o(.text)
    TIM2_IRQHandler                          0x08000273   Thumb Code     0  startup_stm32f407xx.o(.text)
    TIM3_IRQHandler                          0x08000273   Thumb Code     0  startup_stm32f407xx.o(.text)
    TIM4_IRQHandler                          0x08000273   Thumb Code     0  startup_stm32f407xx.o(.text)
    TIM5_IRQHandler                          0x08000273   Thumb Code     0  startup_stm32f407xx.o(.text)
    TIM6_DAC_IRQHandler                      0x08000273   Thumb Code     0  startup_stm32f407xx.o(.text)
    TIM7_IRQHandler                          0x08000273   Thumb Code     0  startup_stm32f407xx.o(.text)
    TIM8_BRK_TIM12_IRQHandler                0x08000273   Thumb Code     0  startup_stm32f407xx.o(.text)
    TIM8_CC_IRQHandler                       0x08000273   Thumb Code     0  startup_stm32f407xx.o(.text)
    TIM8_TRG_COM_TIM14_IRQHandler            0x08000273   Thumb Code     0  startup_stm32f407xx.o(.text)
    TIM8_UP_TIM13_IRQHandler                 0x08000273   Thumb Code     0  startup_stm32f407xx.o(.text)
    UART4_IRQHandler                         0x08000273   Thumb Code     0  startup_stm32f407xx.o(.text)
    UART5_IRQHandler                         0x08000273   Thumb Code     0  startup_stm32f407xx.o(.text)
    USART2_IRQHandler                        0x08000273   Thumb Code     0  startup_stm32f407xx.o(.text)
    USART3_IRQHandler                        0x08000273   Thumb Code     0  startup_stm32f407xx.o(.text)
    USART6_IRQHandler                        0x08000273   Thumb Code     0  startup_stm32f407xx.o(.text)
    WWDG_IRQHandler                          0x08000273   Thumb Code     0  startup_stm32f407xx.o(.text)
    __aeabi_memcpy                           0x0800027d   Thumb Code    36  memcpya.o(.text)
    __aeabi_memcpy4                          0x0800027d   Thumb Code     0  memcpya.o(.text)
    __aeabi_memcpy8                          0x0800027d   Thumb Code     0  memcpya.o(.text)
    __aeabi_memset                           0x080002a1   Thumb Code    14  memseta.o(.text)
    __aeabi_memset4                          0x080002a1   Thumb Code     0  memseta.o(.text)
    __aeabi_memset8                          0x080002a1   Thumb Code     0  memseta.o(.text)
    __aeabi_memclr                           0x080002af   Thumb Code     4  memseta.o(.text)
    __aeabi_memclr4                          0x080002af   Thumb Code     0  memseta.o(.text)
    __aeabi_memclr8                          0x080002af   Thumb Code     0  memseta.o(.text)
    _memset$wrapper                          0x080002b3   Thumb Code    18  memseta.o(.text)
    __scatterload                            0x080002c5   Thumb Code    28  init.o(.text)
    __scatterload_rt2                        0x080002c5   Thumb Code     0  init.o(.text)
    __decompress                             0x080002e9   Thumb Code     0  __dczerorl2.o(.text)
    __decompress1                            0x080002e9   Thumb Code    86  __dczerorl2.o(.text)
    Error_Handler                            0x080003dd   Thumb Code    16  main.o(i.Error_Handler)
    FLASH_Erase_Sector                       0x080003f9   Thumb Code    98  stm32f4xx_hal_flash_ex.o(i.FLASH_Erase_Sector)
    FLASH_FlushCaches                        0x08000461   Thumb Code   114  stm32f4xx_hal_flash_ex.o(i.FLASH_FlushCaches)
    FLASH_WaitForLastOperation               0x0800065d   Thumb Code   102  stm32f4xx_hal_flash.o(i.FLASH_WaitForLastOperation)
    HAL_Delay                                0x08000765   Thumb Code    26  stm32f4xx_hal.o(i.HAL_Delay)
    HAL_FLASHEx_Erase                        0x08000781   Thumb Code   164  stm32f4xx_hal_flash_ex.o(i.HAL_FLASHEx_Erase)
    HAL_FLASH_Lock                           0x0800082d   Thumb Code    16  stm32f4xx_hal_flash.o(i.HAL_FLASH_Lock)
    HAL_FLASH_Program                        0x08000841   Thumb Code   142  stm32f4xx_hal_flash.o(i.HAL_FLASH_Program)
    HAL_FLASH_Unlock                         0x080008d9   Thumb Code    32  stm32f4xx_hal_flash.o(i.HAL_FLASH_Unlock)
    HAL_GPIO_Init                            0x08000905   Thumb Code   476  stm32f4xx_hal_gpio.o(i.HAL_GPIO_Init)
    HAL_GetTick                              0x08000b11   Thumb Code     6  stm32f4xx_hal.o(i.HAL_GetTick)
    HAL_I2C_Init                             0x08000b1d   Thumb Code   286  stm32f4xx_hal_i2c.o(i.HAL_I2C_Init)
    HAL_I2C_MspInit                          0x08000c45   Thumb Code    78  i2c.o(i.HAL_I2C_MspInit)
    HAL_IncTick                              0x08000ca1   Thumb Code    12  stm32f4xx_hal.o(i.HAL_IncTick)
    HAL_Init                                 0x08000cb1   Thumb Code    54  stm32f4xx_hal.o(i.HAL_Init)
    HAL_InitTick                             0x08000ced   Thumb Code    36  stm32f4xx_hal.o(i.HAL_InitTick)
    HAL_MspInit                              0x08000d11   Thumb Code    20  stm32f4xx_hal_msp.o(i.HAL_MspInit)
    HAL_NVIC_EnableIRQ                       0x08000d25   Thumb Code    26  stm32f4xx_hal_cortex.o(i.HAL_NVIC_EnableIRQ)
    HAL_NVIC_SetPriority                     0x08000d3f   Thumb Code   124  stm32f4xx_hal_cortex.o(i.HAL_NVIC_SetPriority)
    HAL_NVIC_SetPriorityGrouping             0x08000dbd   Thumb Code    32  stm32f4xx_hal_cortex.o(i.HAL_NVIC_SetPriorityGrouping)
    HAL_PCDEx_SetRxFiFo                      0x08000de5   Thumb Code    10  stm32f4xx_hal_pcd_ex.o(i.HAL_PCDEx_SetRxFiFo)
    HAL_PCDEx_SetTxFiFo                      0x08000def   Thumb Code    82  stm32f4xx_hal_pcd_ex.o(i.HAL_PCDEx_SetTxFiFo)
    HAL_PCD_ConnectCallback                  0x08000e41   Thumb Code    14  usbd_conf.o(i.HAL_PCD_ConnectCallback)
    HAL_PCD_DataInStageCallback              0x08000e4f   Thumb Code    32  usbd_conf.o(i.HAL_PCD_DataInStageCallback)
    HAL_PCD_DataOutStageCallback             0x08000e6f   Thumb Code    32  usbd_conf.o(i.HAL_PCD_DataOutStageCallback)
    HAL_PCD_DisconnectCallback               0x08000e8f   Thumb Code    14  usbd_conf.o(i.HAL_PCD_DisconnectCallback)
    HAL_PCD_EP_Close                         0x08000e9d   Thumb Code   106  stm32f4xx_hal_pcd.o(i.HAL_PCD_EP_Close)
    HAL_PCD_EP_ClrStall                      0x08000f07   Thumb Code   104  stm32f4xx_hal_pcd.o(i.HAL_PCD_EP_ClrStall)
    HAL_PCD_EP_GetRxCount                    0x08000f6f   Thumb Code    24  stm32f4xx_hal_pcd.o(i.HAL_PCD_EP_GetRxCount)
    HAL_PCD_EP_Open                          0x08000f87   Thumb Code   140  stm32f4xx_hal_pcd.o(i.HAL_PCD_EP_Open)
    HAL_PCD_EP_Receive                       0x08001013   Thumb Code   120  stm32f4xx_hal_pcd.o(i.HAL_PCD_EP_Receive)
    HAL_PCD_EP_SetStall                      0x0800108b   Thumb Code   122  stm32f4xx_hal_pcd.o(i.HAL_PCD_EP_SetStall)
    HAL_PCD_EP_Transmit                      0x08001105   Thumb Code   122  stm32f4xx_hal_pcd.o(i.HAL_PCD_EP_Transmit)
    HAL_PCD_IRQHandler                       0x0800117f   Thumb Code  1374  stm32f4xx_hal_pcd.o(i.HAL_PCD_IRQHandler)
    HAL_PCD_ISOINIncompleteCallback          0x080016dd   Thumb Code    18  usbd_conf.o(i.HAL_PCD_ISOINIncompleteCallback)
    HAL_PCD_ISOOUTIncompleteCallback         0x080016ef   Thumb Code    18  usbd_conf.o(i.HAL_PCD_ISOOUTIncompleteCallback)
    HAL_PCD_Init                             0x08001701   Thumb Code   322  stm32f4xx_hal_pcd.o(i.HAL_PCD_Init)
    HAL_PCD_MspInit                          0x08001845   Thumb Code   116  usbd_conf.o(i.HAL_PCD_MspInit)
    HAL_PCD_ResetCallback                    0x080018c1   Thumb Code    50  usbd_conf.o(i.HAL_PCD_ResetCallback)
    HAL_PCD_ResumeCallback                   0x080018f3   Thumb Code    14  usbd_conf.o(i.HAL_PCD_ResumeCallback)
    HAL_PCD_SOFCallback                      0x08001901   Thumb Code    14  usbd_conf.o(i.HAL_PCD_SOFCallback)
    HAL_PCD_SetAddress                       0x0800190f   Thumb Code    50  stm32f4xx_hal_pcd.o(i.HAL_PCD_SetAddress)
    HAL_PCD_SetupStageCallback               0x08001941   Thumb Code    18  usbd_conf.o(i.HAL_PCD_SetupStageCallback)
    HAL_PCD_Start                            0x08001953   Thumb Code    52  stm32f4xx_hal_pcd.o(i.HAL_PCD_Start)
    HAL_PCD_SuspendCallback                  0x08001989   Thumb Code    46  usbd_conf.o(i.HAL_PCD_SuspendCallback)
    HAL_RCCEx_PeriphCLKConfig                0x080019bd   Thumb Code   408  stm32f4xx_hal_rcc_ex.o(i.HAL_RCCEx_PeriphCLKConfig)
    HAL_RCC_ClockConfig                      0x08001b69   Thumb Code   412  stm32f4xx_hal_rcc.o(i.HAL_RCC_ClockConfig)
    HAL_RCC_GetHCLKFreq                      0x08001d0d   Thumb Code    42  stm32f4xx_hal_rcc.o(i.HAL_RCC_GetHCLKFreq)
    HAL_RCC_GetPCLK1Freq                     0x08001d45   Thumb Code    36  stm32f4xx_hal_rcc.o(i.HAL_RCC_GetPCLK1Freq)
    HAL_RCC_GetPCLK2Freq                     0x08001d71   Thumb Code    36  stm32f4xx_hal_rcc.o(i.HAL_RCC_GetPCLK2Freq)
    HAL_RCC_GetSysClockFreq                  0x08001d9d   Thumb Code   168  stm32f4xx_hal_rcc.o(i.HAL_RCC_GetSysClockFreq)
    HAL_RCC_OscConfig                        0x08001e51   Thumb Code   906  stm32f4xx_hal_rcc.o(i.HAL_RCC_OscConfig)
    HAL_RTCEx_AlarmBEventCallback            0x080021ed   Thumb Code     2  stm32f4xx_hal_rtc_ex.o(i.HAL_RTCEx_AlarmBEventCallback)
    HAL_RTC_AlarmAEventCallback              0x080021f1   Thumb Code    22  eric_rtc.o(i.HAL_RTC_AlarmAEventCallback)
    HAL_RTC_AlarmIRQHandler                  0x08002219   Thumb Code   102  stm32f4xx_hal_rtc.o(i.HAL_RTC_AlarmIRQHandler)
    HAL_RTC_GetDate                          0x08002285   Thumb Code    72  stm32f4xx_hal_rtc.o(i.HAL_RTC_GetDate)
    HAL_RTC_GetState                         0x080022d1   Thumb Code     6  stm32f4xx_hal_rtc.o(i.HAL_RTC_GetState)
    HAL_RTC_GetTime                          0x080022d9   Thumb Code    92  stm32f4xx_hal_rtc.o(i.HAL_RTC_GetTime)
    HAL_RTC_Init                             0x08002339   Thumb Code   176  stm32f4xx_hal_rtc.o(i.HAL_RTC_Init)
    HAL_RTC_MspInit                          0x080023ed   Thumb Code    80  stm32f4xx_hal_msp.o(i.HAL_RTC_MspInit)
    HAL_RTC_SetAlarm_IT                      0x08002441   Thumb Code   548  stm32f4xx_hal_rtc.o(i.HAL_RTC_SetAlarm_IT)
    HAL_RTC_SetDate                          0x08002669   Thumb Code   270  stm32f4xx_hal_rtc.o(i.HAL_RTC_SetDate)
    HAL_RTC_SetTime                          0x0800277d   Thumb Code   304  stm32f4xx_hal_rtc.o(i.HAL_RTC_SetTime)
    HAL_RTC_WaitForSynchro                   0x080028b1   Thumb Code    58  stm32f4xx_hal_rtc.o(i.HAL_RTC_WaitForSynchro)
    HAL_SPI_Init                             0x080028eb   Thumb Code   160  stm32f4xx_hal_spi.o(i.HAL_SPI_Init)
    HAL_SPI_MspInit                          0x0800298d   Thumb Code    78  spi.o(i.HAL_SPI_MspInit)
    HAL_SYSTICK_CLKSourceConfig              0x080029e9   Thumb Code    40  stm32f4xx_hal_cortex.o(i.HAL_SYSTICK_CLKSourceConfig)
    HAL_SYSTICK_Config                       0x08002a11   Thumb Code    52  stm32f4xx_hal_cortex.o(i.HAL_SYSTICK_Config)
    HAL_UART_ErrorCallback                   0x08002a45   Thumb Code     2  stm32f4xx_hal_uart.o(i.HAL_UART_ErrorCallback)
    HAL_UART_IRQHandler                      0x08002a47   Thumb Code   308  stm32f4xx_hal_uart.o(i.HAL_UART_IRQHandler)
    HAL_UART_Init                            0x08002b7b   Thumb Code   114  stm32f4xx_hal_uart.o(i.HAL_UART_Init)
    HAL_UART_MspInit                         0x08002bed   Thumb Code    96  usart.o(i.HAL_UART_MspInit)
    HAL_UART_Receive_IT                      0x08002c59   Thumb Code   112  stm32f4xx_hal_uart.o(i.HAL_UART_Receive_IT)
    HAL_UART_RxCpltCallback                  0x08002cc9   Thumb Code    14  usart.o(i.HAL_UART_RxCpltCallback)
    HAL_UART_TxCpltCallback                  0x08002ce1   Thumb Code     2  stm32f4xx_hal_uart.o(i.HAL_UART_TxCpltCallback)
    MX_FREERTOS_Init                         0x08002ce5   Thumb Code    54  freertos.o(i.MX_FREERTOS_Init)
    MX_GPIO_Init                             0x08002d29   Thumb Code   126  gpio.o(i.MX_GPIO_Init)
    MX_I2C1_Init                             0x08002dad   Thumb Code    42  i2c.o(i.MX_I2C1_Init)
    MX_SPI1_Init                             0x08002de5   Thumb Code    52  spi.o(i.MX_SPI1_Init)
    MX_USART1_UART_Init                      0x08002e21   Thumb Code    40  usart.o(i.MX_USART1_UART_Init)
    MX_USB_DEVICE_Init                       0x08002e51   Thumb Code    36  usb_device.o(i.MX_USB_DEVICE_Init)
    OTG_FS_IRQHandler                        0x08002ebd   Thumb Code    10  stm32f4xx_it.o(i.OTG_FS_IRQHandler)
    RTC_AlarmConfig                          0x08002f71   Thumb Code    68  eric_rtc.o(i.RTC_AlarmConfig)
    RTC_Alarm_IRQHandler                     0x08002fd5   Thumb Code    10  stm32f4xx_it.o(i.RTC_Alarm_IRQHandler)
    RTC_Bcd2ToByte                           0x08002fe5   Thumb Code    22  stm32f4xx_hal_rtc.o(i.RTC_Bcd2ToByte)
    RTC_ByteToBcd2                           0x08002ffb   Thumb Code    26  stm32f4xx_hal_rtc.o(i.RTC_ByteToBcd2)
    RTC_EnterInitMode                        0x08003015   Thumb Code    62  stm32f4xx_hal_rtc.o(i.RTC_EnterInitMode)
    RTC_Read_datetime                        0x08003055   Thumb Code    80  eric_rtc.o(i.RTC_Read_datetime)
    RTC_Set_datetime                         0x080030a9   Thumb Code    96  eric_rtc.o(i.RTC_Set_datetime)
    RTC_get_state                            0x0800312d   Thumb Code    10  eric_rtc.o(i.RTC_get_state)
    SEGGER_RTT_Init                          0x0800313d   Thumb Code     8  segger_rtt.o(i.SEGGER_RTT_Init)
    SEGGER_RTT_Write                         0x08003145   Thumb Code   364  segger_rtt.o(i.SEGGER_RTT_Write)
    SEGGER_RTT_printf                        0x080032b5   Thumb Code    26  segger_rtt_printf.o(i.SEGGER_RTT_printf)
    SEGGER_RTT_vprintf                       0x080032cf   Thumb Code   504  segger_rtt_printf.o(i.SEGGER_RTT_vprintf)
    StartDefaultTask                         0x080034c9   Thumb Code   110  freertos.o(i.StartDefaultTask)
    StartFlashTask                           0x08003569   Thumb Code    68  freertos.o(i.StartFlashTask)
    SysTick_Handler                          0x080035d9   Thumb Code    12  stm32f4xx_it.o(i.SysTick_Handler)
    SystemClock_Config                       0x080035e5   Thumb Code   198  main.o(i.SystemClock_Config)
    SystemInit                               0x080036b5   Thumb Code    82  system_stm32f4xx.o(i.SystemInit)
    USART1_IRQHandler                        0x08003bb1   Thumb Code    10  stm32f4xx_it.o(i.USART1_IRQHandler)
    USBD_CDC_GetDeviceQualifierDescriptor    0x08003c81   Thumb Code    10  usbd_cdc.o(i.USBD_CDC_GetDeviceQualifierDescriptor)
    USBD_CDC_ReceivePacket                   0x08003d67   Thumb Code    58  usbd_cdc.o(i.USBD_CDC_ReceivePacket)
    USBD_CDC_RegisterInterface               0x08003da1   Thumb Code    14  usbd_cdc.o(i.USBD_CDC_RegisterInterface)
    USBD_CDC_SetRxBuffer                     0x08003daf   Thumb Code    14  usbd_cdc.o(i.USBD_CDC_SetRxBuffer)
    USBD_CDC_SetTxBuffer                     0x08003dbd   Thumb Code    20  usbd_cdc.o(i.USBD_CDC_SetTxBuffer)
    USBD_ClrClassConfig                      0x08003e61   Thumb Code    22  usbd_core.o(i.USBD_ClrClassConfig)
    USBD_CtlContinueRx                       0x08003ebb   Thumb Code    24  usbd_ioreq.o(i.USBD_CtlContinueRx)
    USBD_CtlContinueSendData                 0x08003ed3   Thumb Code    24  usbd_ioreq.o(i.USBD_CtlContinueSendData)
    USBD_CtlError                            0x08003eeb   Thumb Code    24  usbd_ctlreq.o(i.USBD_CtlError)
    USBD_CtlPrepareRx                        0x08003f03   Thumb Code    40  usbd_ioreq.o(i.USBD_CtlPrepareRx)
    USBD_CtlReceiveStatus                    0x08003f2b   Thumb Code    26  usbd_ioreq.o(i.USBD_CtlReceiveStatus)
    USBD_CtlSendData                         0x08003f45   Thumb Code    34  usbd_ioreq.o(i.USBD_CtlSendData)
    USBD_CtlSendStatus                       0x08003f67   Thumb Code    26  usbd_ioreq.o(i.USBD_CtlSendStatus)
    USBD_FS_ConfigStrDescriptor              0x08003f81   Thumb Code    34  usbd_desc.o(i.USBD_FS_ConfigStrDescriptor)
    USBD_FS_DeviceDescriptor                 0x08003fb5   Thumb Code    10  usbd_desc.o(i.USBD_FS_DeviceDescriptor)
    USBD_FS_InterfaceStrDescriptor           0x08003fc5   Thumb Code    34  usbd_desc.o(i.USBD_FS_InterfaceStrDescriptor)
    USBD_FS_LangIDStrDescriptor              0x08003ffd   Thumb Code    10  usbd_desc.o(i.USBD_FS_LangIDStrDescriptor)
    USBD_FS_ManufacturerStrDescriptor        0x0800400d   Thumb Code    20  usbd_desc.o(i.USBD_FS_ManufacturerStrDescriptor)
    USBD_FS_ProductStrDescriptor             0x08004039   Thumb Code    34  usbd_desc.o(i.USBD_FS_ProductStrDescriptor)
    USBD_FS_SerialStrDescriptor              0x08004079   Thumb Code    34  usbd_desc.o(i.USBD_FS_SerialStrDescriptor)
    USBD_GetString                           0x080042a1   Thumb Code    82  usbd_ctlreq.o(i.USBD_GetString)
    USBD_Init                                0x080042f3   Thumb Code    50  usbd_core.o(i.USBD_Init)
    USBD_LL_ClearStallEP                     0x08004325   Thumb Code    20  usbd_conf.o(i.USBD_LL_ClearStallEP)
    USBD_LL_CloseEP                          0x08004339   Thumb Code    20  usbd_conf.o(i.USBD_LL_CloseEP)
    USBD_LL_DataInStage                      0x0800434d   Thumb Code   218  usbd_core.o(i.USBD_LL_DataInStage)
    USBD_LL_DataOutStage                     0x08004427   Thumb Code   134  usbd_core.o(i.USBD_LL_DataOutStage)
    USBD_LL_DevConnected                     0x080044ad   Thumb Code     6  usbd_core.o(i.USBD_LL_DevConnected)
    USBD_LL_DevDisconnected                  0x080044b3   Thumb Code    26  usbd_core.o(i.USBD_LL_DevDisconnected)
    USBD_LL_GetRxDataSize                    0x080044cd   Thumb Code    18  usbd_conf.o(i.USBD_LL_GetRxDataSize)
    USBD_LL_Init                             0x080044e1   Thumb Code   100  usbd_conf.o(i.USBD_LL_Init)
    USBD_LL_IsStallEP                        0x08004549   Thumb Code    56  usbd_conf.o(i.USBD_LL_IsStallEP)
    USBD_LL_IsoINIncomplete                  0x08004581   Thumb Code     6  usbd_core.o(i.USBD_LL_IsoINIncomplete)
    USBD_LL_IsoOUTIncomplete                 0x08004587   Thumb Code     6  usbd_core.o(i.USBD_LL_IsoOUTIncomplete)
    USBD_LL_OpenEP                           0x0800458d   Thumb Code    32  usbd_conf.o(i.USBD_LL_OpenEP)
    USBD_LL_PrepareReceive                   0x080045ad   Thumb Code    32  usbd_conf.o(i.USBD_LL_PrepareReceive)
    USBD_LL_Reset                            0x080045cd   Thumb Code    68  usbd_core.o(i.USBD_LL_Reset)
    USBD_LL_Resume                           0x08004611   Thumb Code    14  usbd_core.o(i.USBD_LL_Resume)
    USBD_LL_SOF                              0x0800461f   Thumb Code    34  usbd_core.o(i.USBD_LL_SOF)
    USBD_LL_SetSpeed                         0x08004641   Thumb Code     8  usbd_core.o(i.USBD_LL_SetSpeed)
    USBD_LL_SetUSBAddress                    0x08004649   Thumb Code    20  usbd_conf.o(i.USBD_LL_SetUSBAddress)
    USBD_LL_SetupStage                       0x0800465d   Thumb Code   110  usbd_core.o(i.USBD_LL_SetupStage)
    USBD_LL_StallEP                          0x080046cb   Thumb Code    20  usbd_conf.o(i.USBD_LL_StallEP)
    USBD_LL_Start                            0x080046df   Thumb Code    16  usbd_conf.o(i.USBD_LL_Start)
    USBD_LL_Suspend                          0x080046ef   Thumb Code    20  usbd_core.o(i.USBD_LL_Suspend)
    USBD_LL_Transmit                         0x08004703   Thumb Code    32  usbd_conf.o(i.USBD_LL_Transmit)
    USBD_ParseSetupRequest                   0x08004723   Thumb Code    40  usbd_ctlreq.o(i.USBD_ParseSetupRequest)
    USBD_RegisterClass                       0x0800474b   Thumb Code    16  usbd_core.o(i.USBD_RegisterClass)
    USBD_RunTestMode                         0x0800475b   Thumb Code     6  usbd_core.o(i.USBD_RunTestMode)
    USBD_SetClassConfig                      0x080047b5   Thumb Code    34  usbd_core.o(i.USBD_SetClassConfig)
    USBD_Start                               0x080048dd   Thumb Code    14  usbd_core.o(i.USBD_Start)
    USBD_StdDevReq                           0x080048eb   Thumb Code   114  usbd_ctlreq.o(i.USBD_StdDevReq)
    USBD_StdEPReq                            0x0800495d   Thumb Code   342  usbd_ctlreq.o(i.USBD_StdEPReq)
    USBD_StdItfReq                           0x08004ab3   Thumb Code    74  usbd_ctlreq.o(i.USBD_StdItfReq)
    USB_ActivateEndpoint                     0x08004afd   Thumb Code   192  stm32f4xx_ll_usb.o(i.USB_ActivateEndpoint)
    USB_ActivateSetup                        0x08004bc1   Thumb Code    68  stm32f4xx_ll_usb.o(i.USB_ActivateSetup)
    USB_CoreInit                             0x08004c05   Thumb Code   108  stm32f4xx_ll_usb.o(i.USB_CoreInit)
    USB_DeactivateEndpoint                   0x08004cc1   Thumb Code   162  stm32f4xx_ll_usb.o(i.USB_DeactivateEndpoint)
    USB_DevConnect                           0x08004d69   Thumb Code    30  stm32f4xx_ll_usb.o(i.USB_DevConnect)
    USB_DevDisconnect                        0x08004d87   Thumb Code    30  stm32f4xx_ll_usb.o(i.USB_DevDisconnect)
    USB_DevInit                              0x08004da5   Thumb Code   396  stm32f4xx_ll_usb.o(i.USB_DevInit)
    USB_DisableGlobalInt                     0x08004f41   Thumb Code    14  stm32f4xx_ll_usb.o(i.USB_DisableGlobalInt)
    USB_EP0StartXfer                         0x08004f51   Thumb Code   426  stm32f4xx_ll_usb.o(i.USB_EP0StartXfer)
    USB_EP0_OutStart                         0x08005101   Thumb Code    68  stm32f4xx_ll_usb.o(i.USB_EP0_OutStart)
    USB_EPClearStall                         0x08005145   Thumb Code   136  stm32f4xx_ll_usb.o(i.USB_EPClearStall)
    USB_EPSetStall                           0x080051cd   Thumb Code   140  stm32f4xx_ll_usb.o(i.USB_EPSetStall)
    USB_EPStartXfer                          0x08005259   Thumb Code   714  stm32f4xx_ll_usb.o(i.USB_EPStartXfer)
    USB_EnableGlobalInt                      0x08005529   Thumb Code    14  stm32f4xx_ll_usb.o(i.USB_EnableGlobalInt)
    USB_FlushRxFifo                          0x08005539   Thumb Code    38  stm32f4xx_ll_usb.o(i.USB_FlushRxFifo)
    USB_FlushTxFifo                          0x08005565   Thumb Code    44  stm32f4xx_ll_usb.o(i.USB_FlushTxFifo)
    USB_GetDevSpeed                          0x08005595   Thumb Code    68  stm32f4xx_ll_usb.o(i.USB_GetDevSpeed)
    USB_GetMode                              0x080055d9   Thumb Code    10  stm32f4xx_ll_usb.o(i.USB_GetMode)
    USB_ReadDevAllInEpInterrupt              0x080055e3   Thumb Code    18  stm32f4xx_ll_usb.o(i.USB_ReadDevAllInEpInterrupt)
    USB_ReadDevAllOutEpInterrupt             0x080055f5   Thumb Code    18  stm32f4xx_ll_usb.o(i.USB_ReadDevAllOutEpInterrupt)
    USB_ReadDevInEPInterrupt                 0x08005607   Thumb Code    44  stm32f4xx_ll_usb.o(i.USB_ReadDevInEPInterrupt)
    USB_ReadDevOutEPInterrupt                0x08005633   Thumb Code    22  stm32f4xx_ll_usb.o(i.USB_ReadDevOutEPInterrupt)
    USB_ReadInterrupts                       0x08005649   Thumb Code    12  stm32f4xx_ll_usb.o(i.USB_ReadInterrupts)
    USB_ReadPacket                           0x08005655   Thumb Code    34  stm32f4xx_ll_usb.o(i.USB_ReadPacket)
    USB_SetCurrentMode                       0x08005677   Thumb Code    48  stm32f4xx_ll_usb.o(i.USB_SetCurrentMode)
    USB_SetDevAddress                        0x080056a7   Thumb Code    36  stm32f4xx_ll_usb.o(i.USB_SetDevAddress)
    USB_SetDevSpeed                          0x080056cb   Thumb Code    16  stm32f4xx_ll_usb.o(i.USB_SetDevSpeed)
    USB_WritePacket                          0x080056db   Thumb Code    48  stm32f4xx_ll_usb.o(i.USB_WritePacket)
    __scatterload_copy                       0x08005931   Thumb Code    14  handlers.o(i.__scatterload_copy)
    __scatterload_null                       0x0800593f   Thumb Code     2  handlers.o(i.__scatterload_null)
    __scatterload_zeroinit                   0x08005941   Thumb Code    14  handlers.o(i.__scatterload_zeroinit)
    eric_rtc_init                            0x08005951   Thumb Code    62  eric_rtc.o(i.eric_rtc_init)
    flash_init                               0x08005af1   Thumb Code   280  eric_flash.o(i.flash_init)
    flash_read                               0x08005c51   Thumb Code    40  eric_flash.o(i.flash_read)
    flash_write_movedata                     0x08005cad   Thumb Code   394  eric_flash.o(i.flash_write_movedata)
    free                                     0x08005f29   Thumb Code    76  malloc.o(i.free)
    main                                     0x08005f89   Thumb Code    48  main.o(i.main)
    malloc                                   0x08005fc9   Thumb Code    92  malloc.o(i.malloc)
    osDelay                                  0x08006035   Thumb Code    24  cmsis_os.o(i.osDelay)
    osKernelStart                            0x0800604d   Thumb Code    10  cmsis_os.o(i.osKernelStart)
    osSemaphoreCreate                        0x08006057   Thumb Code    50  cmsis_os.o(i.osSemaphoreCreate)
    osSemaphoreRelease                       0x08006089   Thumb Code    76  cmsis_os.o(i.osSemaphoreRelease)
    osSemaphoreWait                          0x080060d9   Thumb Code   104  cmsis_os.o(i.osSemaphoreWait)
    osSystickHandler                         0x08006145   Thumb Code    16  cmsis_os.o(i.osSystickHandler)
    osThreadCreate                           0x08006155   Thumb Code    58  cmsis_os.o(i.osThreadCreate)
    pvPortMalloc                             0x0800664d   Thumb Code   296  heap_4.o(i.pvPortMalloc)
    pvTaskIncrementMutexHeldCount            0x08006789   Thumb Code    26  tasks.o(i.pvTaskIncrementMutexHeldCount)
    pxPortInitialiseStack                    0x080067a9   Thumb Code    34  port.o(i.pxPortInitialiseStack)
    uart_read                                0x080067d1   Thumb Code    26  usart.o(i.uart_read)
    uxListRemove                             0x08006801   Thumb Code    40  list.o(i.uxListRemove)
    vListInitialise                          0x08006829   Thumb Code    26  list.o(i.vListInitialise)
    vListInitialiseItem                      0x08006843   Thumb Code     6  list.o(i.vListInitialiseItem)
    vListInsert                              0x08006849   Thumb Code    52  list.o(i.vListInsert)
    vListInsertEnd                           0x0800687d   Thumb Code    24  list.o(i.vListInsertEnd)
    vPortEnterCritical                       0x08006895   Thumb Code    76  port.o(i.vPortEnterCritical)
    vPortExitCritical                        0x080068e9   Thumb Code    56  port.o(i.vPortExitCritical)
    vPortFree                                0x08006925   Thumb Code   140  heap_4.o(i.vPortFree)
    vPortSetupTimerInterrupt                 0x080069b9   Thumb Code    26  port.o(i.vPortSetupTimerInterrupt)
    vPortValidateInterruptPriority           0x080069d9   Thumb Code   106  port.o(i.vPortValidateInterruptPriority)
    vTaskDelay                               0x08006a51   Thumb Code   120  tasks.o(i.vTaskDelay)
    vTaskMissedYield                         0x08006add   Thumb Code     8  tasks.o(i.vTaskMissedYield)
    vTaskPlaceOnEventList                    0x08006ae9   Thumb Code   108  tasks.o(i.vTaskPlaceOnEventList)
    vTaskPriorityInherit                     0x08006b65   Thumb Code   164  tasks.o(i.vTaskPriorityInherit)
    vTaskSetTimeOutState                     0x08006c15   Thumb Code    38  tasks.o(i.vTaskSetTimeOutState)
    vTaskStartScheduler                      0x08006c45   Thumb Code    92  tasks.o(i.vTaskStartScheduler)
    vTaskSuspendAll                          0x08006cb5   Thumb Code    12  tasks.o(i.vTaskSuspendAll)
    vTaskSwitchContext                       0x08006cc5   Thumb Code   118  tasks.o(i.vTaskSwitchContext)
    xPortStartScheduler                      0x08006d51   Thumb Code   288  port.o(i.xPortStartScheduler)
    xPortSysTickHandler                      0x08006e8d   Thumb Code    48  port.o(i.xPortSysTickHandler)
    xQueueCreateCountingSemaphore            0x08006ec1   Thumb Code   116  queue.o(i.xQueueCreateCountingSemaphore)
    xQueueGenericCreate                      0x08006f35   Thumb Code   140  queue.o(i.xQueueGenericCreate)
    xQueueGenericReceive                     0x08006fc1   Thumb Code   424  queue.o(i.xQueueGenericReceive)
    xQueueGenericReset                       0x0800716d   Thumb Code   144  queue.o(i.xQueueGenericReset)
    xQueueGenericSend                        0x08007201   Thumb Code   412  queue.o(i.xQueueGenericSend)
    xQueueGiveFromISR                        0x080073a1   Thumb Code   214  queue.o(i.xQueueGiveFromISR)
    xQueueReceiveFromISR                     0x08007477   Thumb Code   188  queue.o(i.xQueueReceiveFromISR)
    xTaskCheckForTimeOut                     0x08007535   Thumb Code   132  tasks.o(i.xTaskCheckForTimeOut)
    xTaskGenericCreate                       0x080075c1   Thumb Code   340  tasks.o(i.xTaskGenericCreate)
    xTaskGetSchedulerState                   0x08007731   Thumb Code    24  tasks.o(i.xTaskGetSchedulerState)
    xTaskIncrementTick                       0x08007751   Thumb Code   286  tasks.o(i.xTaskIncrementTick)
    xTaskPriorityDisinherit                  0x0800789d   Thumb Code   188  tasks.o(i.xTaskPriorityDisinherit)
    xTaskRemoveFromEventList                 0x08007965   Thumb Code   128  tasks.o(i.xTaskRemoveFromEventList)
    xTaskResumeAll                           0x080079fd   Thumb Code   224  tasks.o(i.xTaskResumeAll)
    APBAHBPrescTable                         0x08007b28   Data          16  stm32f4xx_hal_rcc.o(.constdata)
    Region$$Table$$Base                      0x08007b6c   Number         0  anon$$obj.o(Region$$Table)
    Region$$Table$$Limit                     0x08007b8c   Number         0  anon$$obj.o(Region$$Table)
    USBD_CDC                                 0x20000010   Data          56  usbd_cdc.o(.data)
    USBD_CDC_CfgHSDesc                       0x20000048   Data          67  usbd_cdc.o(.data)
    USBD_CDC_CfgFSDesc                       0x2000008c   Data          67  usbd_cdc.o(.data)
    USBD_CDC_OtherSpeedCfgDesc               0x200000d0   Data          67  usbd_cdc.o(.data)
    UserRxBufferFS                           0x20000114   Data           4  usbd_cdc_if.o(.data)
    UserTxBufferFS                           0x20000118   Data           4  usbd_cdc_if.o(.data)
    hUsbDevice_0                             0x2000011c   Data           4  usbd_cdc_if.o(.data)
    USBD_Interface_fops_FS                   0x20000120   Data          16  usbd_cdc_if.o(.data)
    FS_Desc                                  0x20000130   Data          28  usbd_desc.o(.data)
    USBD_FS_DeviceDesc                       0x2000014c   Data          18  usbd_desc.o(.data)
    USBD_LangIDDesc                          0x20000160   Data           4  usbd_desc.o(.data)
    defaultTaskHandle                        0x20000164   Data           4  freertos.o(.data)
    Flash_TaskHandle                         0x20000168   Data           4  freertos.o(.data)
    recv_flag                                0x2000016c   Data           1  usart.o(.data)
    uwTick                                   0x20000170   Data           4  stm32f4xx_hal.o(.data)
    SystemCoreClock                          0x20000174   Data           4  system_stm32f4xx.o(.data)
    pxCurrentTCB                             0x20000178   Data           4  tasks.o(.data)
    alarm_flag                               0x200001d4   Data           1  eric_rtc.o(.data)
    osSemaphore                              0x200001d8   Data           4  eric_rtc.o(.data)
    __microlib_freelist                      0x20000268   Data           4  mvars.o(.data)
    __microlib_freelist_initialised          0x2000026c   Data           4  mvars.o(.data)
    hpcd_USB_OTG_FS                          0x20000270   Data         952  usbd_conf.o(.bss)
    USBD_StrDesc                             0x20000628   Data         512  usbd_desc.o(.bss)
    hUsbDeviceFS                             0x20000828   Data         548  usb_device.o(.bss)
    hi2c1                                    0x20000a4c   Data          68  i2c.o(.bss)
    hspi1                                    0x20000a90   Data          88  spi.o(.bss)
    huart1                                   0x20000ae8   Data          64  usart.o(.bss)
    pFlash                                   0x20000b28   Data          32  stm32f4xx_hal_flash.o(.bss)
    RtcHandle                                0x20004838   Data          32  eric_rtc.o(.bss)
    data_region                              0x20004894   Data          12  eric_flash.o(.bss)
    data_header                              0x200048a0   Data         224  eric_flash.o(.bss)
    __heap_base                              0x20004d90   Data           0  startup_stm32f407xx.o(HEAP)
    __heap_limit                             0x20005190   Data           0  startup_stm32f407xx.o(HEAP)
    __initial_sp                             0x20005390   Data           0  startup_stm32f407xx.o(STACK)



==============================================================================

Memory Map of the image

  Image Entry point : 0x08000189

  Load Region LR_IROM1 (Base: 0x08000000, Size: 0x00007dfc, Max: 0x00080000, ABSOLUTE, COMPRESSED[0x00007c7c])

    Execution Region ER_IROM1 (Base: 0x08000000, Size: 0x00007b8c, Max: 0x00080000, ABSOLUTE)

    Base Addr    Size         Type   Attr      Idx    E Section Name        Object

    0x08000000   0x00000188   Data   RO            3    RESET               startup_stm32f407xx.o
    0x08000188   0x00000000   Code   RO         5630  * .ARM.Collect$$$$00000000  mc_w.l(entry.o)
    0x08000188   0x00000004   Code   RO         5667    .ARM.Collect$$$$00000001  mc_w.l(entry2.o)
    0x0800018c   0x00000004   Code   RO         5670    .ARM.Collect$$$$00000004  mc_w.l(entry5.o)
    0x08000190   0x00000000   Code   RO         5672    .ARM.Collect$$$$00000008  mc_w.l(entry7b.o)
    0x08000190   0x00000000   Code   RO         5674    .ARM.Collect$$$$0000000A  mc_w.l(entry8b.o)
    0x08000190   0x00000008   Code   RO         5675    .ARM.Collect$$$$0000000B  mc_w.l(entry9a.o)
    0x08000198   0x00000000   Code   RO         5677    .ARM.Collect$$$$0000000D  mc_w.l(entry10a.o)
    0x08000198   0x00000000   Code   RO         5679    .ARM.Collect$$$$0000000F  mc_w.l(entry11a.o)
    0x08000198   0x00000004   Code   RO         5668    .ARM.Collect$$$$00002712  mc_w.l(entry2.o)
    0x0800019c   0x000000ba   Code   RO         5301    .emb_text           port.o
    0x08000256   0x00000002   PAD
    0x08000258   0x00000024   Code   RO            4    .text               startup_stm32f407xx.o
    0x0800027c   0x00000024   Code   RO         5633    .text               mc_w.l(memcpya.o)
    0x080002a0   0x00000024   Code   RO         5635    .text               mc_w.l(memseta.o)
    0x080002c4   0x00000024   Code   RO         5683    .text               mc_w.l(init.o)
    0x080002e8   0x00000056   Code   RO         5693    .text               mc_w.l(__dczerorl2.o)
    0x0800033e   0x00000044   Code   RO          825    i.CDC_Control_FS    usbd_cdc_if.o
    0x08000382   0x00000004   Code   RO          826    i.CDC_DeInit_FS     usbd_cdc_if.o
    0x08000386   0x00000002   PAD
    0x08000388   0x00000034   Code   RO          827    i.CDC_Init_FS       usbd_cdc_if.o
    0x080003bc   0x00000020   Code   RO          828    i.CDC_Receive_FS    usbd_cdc_if.o
    0x080003dc   0x0000001c   Code   RO         1072    i.Error_Handler     main.o
    0x080003f8   0x00000068   Code   RO         1560    i.FLASH_Erase_Sector  stm32f4xx_hal_flash_ex.o
    0x08000460   0x00000078   Code   RO         1561    i.FLASH_FlushCaches  stm32f4xx_hal_flash_ex.o
    0x080004d8   0x00000030   Code   RO         1562    i.FLASH_MassErase   stm32f4xx_hal_flash_ex.o
    0x08000508   0x00000024   Code   RO         2806    i.FLASH_Program_Byte  stm32f4xx_hal_flash.o
    0x0800052c   0x0000002c   Code   RO         2807    i.FLASH_Program_DoubleWord  stm32f4xx_hal_flash.o
    0x08000558   0x00000028   Code   RO         2808    i.FLASH_Program_HalfWord  stm32f4xx_hal_flash.o
    0x08000580   0x00000028   Code   RO         2809    i.FLASH_Program_Word  stm32f4xx_hal_flash.o
    0x080005a8   0x000000b4   Code   RO         2810    i.FLASH_SetErrorCode  stm32f4xx_hal_flash.o
    0x0800065c   0x00000070   Code   RO         2811    i.FLASH_WaitForLastOperation  stm32f4xx_hal_flash.o
    0x080006cc   0x00000098   Code   RO         5465    i.GetSector         eric_flash.o
    0x08000764   0x0000001a   Code   RO         2666    i.HAL_Delay         stm32f4xx_hal.o
    0x0800077e   0x00000002   PAD
    0x08000780   0x000000ac   Code   RO         1572    i.HAL_FLASHEx_Erase  stm32f4xx_hal_flash_ex.o
    0x0800082c   0x00000014   Code   RO         2815    i.HAL_FLASH_Lock    stm32f4xx_hal_flash.o
    0x08000840   0x00000098   Code   RO         2820    i.HAL_FLASH_Program  stm32f4xx_hal_flash.o
    0x080008d8   0x0000002c   Code   RO         2822    i.HAL_FLASH_Unlock  stm32f4xx_hal_flash.o
    0x08000904   0x0000020c   Code   RO         1716    i.HAL_GPIO_Init     stm32f4xx_hal_gpio.o
    0x08000b10   0x0000000c   Code   RO         2672    i.HAL_GetTick       stm32f4xx_hal.o
    0x08000b1c   0x00000128   Code   RO         3586    i.HAL_I2C_Init      stm32f4xx_hal_i2c.o
    0x08000c44   0x0000005c   Code   RO         1159    i.HAL_I2C_MspInit   i2c.o
    0x08000ca0   0x00000010   Code   RO         2673    i.HAL_IncTick       stm32f4xx_hal.o
    0x08000cb0   0x0000003c   Code   RO         2674    i.HAL_Init          stm32f4xx_hal.o
    0x08000cec   0x00000024   Code   RO         2675    i.HAL_InitTick      stm32f4xx_hal.o
    0x08000d10   0x00000014   Code   RO         1036    i.HAL_MspInit       stm32f4xx_hal_msp.o
    0x08000d24   0x0000001a   Code   RO         2205    i.HAL_NVIC_EnableIRQ  stm32f4xx_hal_cortex.o
    0x08000d3e   0x0000007c   Code   RO         2211    i.HAL_NVIC_SetPriority  stm32f4xx_hal_cortex.o
    0x08000dba   0x00000002   PAD
    0x08000dbc   0x00000028   Code   RO         2212    i.HAL_NVIC_SetPriorityGrouping  stm32f4xx_hal_cortex.o
    0x08000de4   0x0000000a   Code   RO         1665    i.HAL_PCDEx_SetRxFiFo  stm32f4xx_hal_pcd_ex.o
    0x08000dee   0x00000052   Code   RO         1666    i.HAL_PCDEx_SetTxFiFo  stm32f4xx_hal_pcd_ex.o
    0x08000e40   0x0000000e   Code   RO          545    i.HAL_PCD_ConnectCallback  usbd_conf.o
    0x08000e4e   0x00000020   Code   RO          546    i.HAL_PCD_DataInStageCallback  usbd_conf.o
    0x08000e6e   0x00000020   Code   RO          547    i.HAL_PCD_DataOutStageCallback  usbd_conf.o
    0x08000e8e   0x0000000e   Code   RO          548    i.HAL_PCD_DisconnectCallback  usbd_conf.o
    0x08000e9c   0x0000006a   Code   RO         3053    i.HAL_PCD_EP_Close  stm32f4xx_hal_pcd.o
    0x08000f06   0x00000068   Code   RO         3054    i.HAL_PCD_EP_ClrStall  stm32f4xx_hal_pcd.o
    0x08000f6e   0x00000018   Code   RO         3056    i.HAL_PCD_EP_GetRxCount  stm32f4xx_hal_pcd.o
    0x08000f86   0x0000008c   Code   RO         3057    i.HAL_PCD_EP_Open   stm32f4xx_hal_pcd.o
    0x08001012   0x00000078   Code   RO         3058    i.HAL_PCD_EP_Receive  stm32f4xx_hal_pcd.o
    0x0800108a   0x0000007a   Code   RO         3059    i.HAL_PCD_EP_SetStall  stm32f4xx_hal_pcd.o
    0x08001104   0x0000007a   Code   RO         3060    i.HAL_PCD_EP_Transmit  stm32f4xx_hal_pcd.o
    0x0800117e   0x0000055e   Code   RO         3062    i.HAL_PCD_IRQHandler  stm32f4xx_hal_pcd.o
    0x080016dc   0x00000012   Code   RO          549    i.HAL_PCD_ISOINIncompleteCallback  usbd_conf.o
    0x080016ee   0x00000012   Code   RO          550    i.HAL_PCD_ISOOUTIncompleteCallback  usbd_conf.o
    0x08001700   0x00000142   Code   RO         3065    i.HAL_PCD_Init      stm32f4xx_hal_pcd.o
    0x08001842   0x00000002   PAD
    0x08001844   0x0000007c   Code   RO          552    i.HAL_PCD_MspInit   usbd_conf.o
    0x080018c0   0x00000032   Code   RO          553    i.HAL_PCD_ResetCallback  usbd_conf.o
    0x080018f2   0x0000000e   Code   RO          554    i.HAL_PCD_ResumeCallback  usbd_conf.o
    0x08001900   0x0000000e   Code   RO          555    i.HAL_PCD_SOFCallback  usbd_conf.o
    0x0800190e   0x00000032   Code   RO         3071    i.HAL_PCD_SetAddress  stm32f4xx_hal_pcd.o
    0x08001940   0x00000012   Code   RO          556    i.HAL_PCD_SetupStageCallback  usbd_conf.o
    0x08001952   0x00000034   Code   RO         3073    i.HAL_PCD_Start     stm32f4xx_hal_pcd.o
    0x08001986   0x00000002   PAD
    0x08001988   0x00000034   Code   RO          557    i.HAL_PCD_SuspendCallback  usbd_conf.o
    0x080019bc   0x000001ac   Code   RO         2167    i.HAL_RCCEx_PeriphCLKConfig  stm32f4xx_hal_rcc_ex.o
    0x08001b68   0x000001a4   Code   RO         2062    i.HAL_RCC_ClockConfig  stm32f4xx_hal_rcc.o
    0x08001d0c   0x00000038   Code   RO         2067    i.HAL_RCC_GetHCLKFreq  stm32f4xx_hal_rcc.o
    0x08001d44   0x0000002c   Code   RO         2069    i.HAL_RCC_GetPCLK1Freq  stm32f4xx_hal_rcc.o
    0x08001d70   0x0000002c   Code   RO         2070    i.HAL_RCC_GetPCLK2Freq  stm32f4xx_hal_rcc.o
    0x08001d9c   0x000000b4   Code   RO         2071    i.HAL_RCC_GetSysClockFreq  stm32f4xx_hal_rcc.o
    0x08001e50   0x0000039c   Code   RO         2074    i.HAL_RCC_OscConfig  stm32f4xx_hal_rcc.o
    0x080021ec   0x00000002   Code   RO         1833    i.HAL_RTCEx_AlarmBEventCallback  stm32f4xx_hal_rtc_ex.o
    0x080021ee   0x00000002   PAD
    0x080021f0   0x00000028   Code   RO         5369    i.HAL_RTC_AlarmAEventCallback  eric_rtc.o
    0x08002218   0x0000006c   Code   RO         1322    i.HAL_RTC_AlarmIRQHandler  stm32f4xx_hal_rtc.o
    0x08002284   0x0000004c   Code   RO         1326    i.HAL_RTC_GetDate   stm32f4xx_hal_rtc.o
    0x080022d0   0x00000006   Code   RO         1327    i.HAL_RTC_GetState  stm32f4xx_hal_rtc.o
    0x080022d6   0x00000002   PAD
    0x080022d8   0x00000060   Code   RO         1328    i.HAL_RTC_GetTime   stm32f4xx_hal_rtc.o
    0x08002338   0x000000b4   Code   RO         1329    i.HAL_RTC_Init      stm32f4xx_hal_rtc.o
    0x080023ec   0x00000054   Code   RO         1038    i.HAL_RTC_MspInit   stm32f4xx_hal_msp.o
    0x08002440   0x00000228   Code   RO         1334    i.HAL_RTC_SetAlarm_IT  stm32f4xx_hal_rtc.o
    0x08002668   0x00000114   Code   RO         1335    i.HAL_RTC_SetDate   stm32f4xx_hal_rtc.o
    0x0800277c   0x00000134   Code   RO         1336    i.HAL_RTC_SetTime   stm32f4xx_hal_rtc.o
    0x080028b0   0x0000003a   Code   RO         1337    i.HAL_RTC_WaitForSynchro  stm32f4xx_hal_rtc.o
    0x080028ea   0x000000a0   Code   RO         3267    i.HAL_SPI_Init      stm32f4xx_hal_spi.o
    0x0800298a   0x00000002   PAD
    0x0800298c   0x0000005c   Code   RO         1201    i.HAL_SPI_MspInit   spi.o
    0x080029e8   0x00000028   Code   RO         2214    i.HAL_SYSTICK_CLKSourceConfig  stm32f4xx_hal_cortex.o
    0x08002a10   0x00000034   Code   RO         2216    i.HAL_SYSTICK_Config  stm32f4xx_hal_cortex.o
    0x08002a44   0x00000002   Code   RO         4015    i.HAL_UART_ErrorCallback  stm32f4xx_hal_uart.o
    0x08002a46   0x00000134   Code   RO         4018    i.HAL_UART_IRQHandler  stm32f4xx_hal_uart.o
    0x08002b7a   0x00000072   Code   RO         4019    i.HAL_UART_Init     stm32f4xx_hal_uart.o
    0x08002bec   0x0000006c   Code   RO         1243    i.HAL_UART_MspInit  usart.o
    0x08002c58   0x00000070   Code   RO         4024    i.HAL_UART_Receive_IT  stm32f4xx_hal_uart.o
    0x08002cc8   0x00000018   Code   RO         1244    i.HAL_UART_RxCpltCallback  usart.o
    0x08002ce0   0x00000002   Code   RO         4030    i.HAL_UART_TxCpltCallback  stm32f4xx_hal_uart.o
    0x08002ce2   0x00000002   PAD
    0x08002ce4   0x00000044   Code   RO          980    i.MX_FREERTOS_Init  freertos.o
    0x08002d28   0x00000084   Code   RO         1134    i.MX_GPIO_Init      gpio.o
    0x08002dac   0x00000038   Code   RO         1160    i.MX_I2C1_Init      i2c.o
    0x08002de4   0x0000003c   Code   RO         1202    i.MX_SPI1_Init      spi.o
    0x08002e20   0x00000030   Code   RO         1245    i.MX_USART1_UART_Init  usart.o
    0x08002e50   0x00000034   Code   RO          947    i.MX_USB_DEVICE_Init  usb_device.o
    0x08002e84   0x00000010   Code   RO         2218    i.NVIC_GetPriorityGrouping  stm32f4xx_hal_cortex.o
    0x08002e94   0x00000028   Code   RO         2219    i.NVIC_SetPriority  stm32f4xx_hal_cortex.o
    0x08002ebc   0x00000010   Code   RO          734    i.OTG_FS_IRQHandler  stm32f4xx_it.o
    0x08002ecc   0x000000a2   Code   RO         3076    i.PCD_WriteEmptyTxFifo  stm32f4xx_hal_pcd.o
    0x08002f6e   0x00000002   PAD
    0x08002f70   0x00000064   Code   RO         5370    i.RTC_AlarmConfig   eric_rtc.o
    0x08002fd4   0x00000010   Code   RO          735    i.RTC_Alarm_IRQHandler  stm32f4xx_it.o
    0x08002fe4   0x00000016   Code   RO         1338    i.RTC_Bcd2ToByte    stm32f4xx_hal_rtc.o
    0x08002ffa   0x0000001a   Code   RO         1339    i.RTC_ByteToBcd2    stm32f4xx_hal_rtc.o
    0x08003014   0x0000003e   Code   RO         1340    i.RTC_EnterInitMode  stm32f4xx_hal_rtc.o
    0x08003052   0x00000002   PAD
    0x08003054   0x00000054   Code   RO         5372    i.RTC_Read_datetime  eric_rtc.o
    0x080030a8   0x00000084   Code   RO         5373    i.RTC_Set_datetime  eric_rtc.o
    0x0800312c   0x00000010   Code   RO         5374    i.RTC_get_state     eric_rtc.o
    0x0800313c   0x00000008   Code   RO         5520    i.SEGGER_RTT_Init   segger_rtt.o
    0x08003144   0x00000170   Code   RO         5523    i.SEGGER_RTT_Write  segger_rtt.o
    0x080032b4   0x0000001a   Code   RO         5593    i.SEGGER_RTT_printf  segger_rtt_printf.o
    0x080032ce   0x000001f8   Code   RO         5594    i.SEGGER_RTT_vprintf  segger_rtt_printf.o
    0x080034c6   0x00000002   PAD
    0x080034c8   0x000000a0   Code   RO          981    i.StartDefaultTask  freertos.o
    0x08003568   0x00000070   Code   RO          982    i.StartFlashTask    freertos.o
    0x080035d8   0x0000000c   Code   RO          736    i.SysTick_Handler   stm32f4xx_it.o
    0x080035e4   0x000000d0   Code   RO         1073    i.SystemClock_Config  main.o
    0x080036b4   0x00000064   Code   RO         4246    i.SystemInit        system_stm32f4xx.o
    0x08003718   0x00000020   Code   RO         4037    i.UART_EndTransmit_IT  stm32f4xx_hal_uart.o
    0x08003738   0x000000a6   Code   RO         4038    i.UART_Receive_IT   stm32f4xx_hal_uart.o
    0x080037de   0x00000002   PAD
    0x080037e0   0x00000368   Code   RO         4039    i.UART_SetConfig    stm32f4xx_hal_uart.o
    0x08003b48   0x00000068   Code   RO         4040    i.UART_Transmit_IT  stm32f4xx_hal_uart.o
    0x08003bb0   0x00000010   Code   RO          737    i.USART1_IRQHandler  stm32f4xx_it.o
    0x08003bc0   0x0000001a   Code   RO          238    i.USBD_CDC_DataIn   usbd_cdc.o
    0x08003bda   0x00000034   Code   RO          239    i.USBD_CDC_DataOut  usbd_cdc.o
    0x08003c0e   0x00000040   Code   RO          240    i.USBD_CDC_DeInit   usbd_cdc.o
    0x08003c4e   0x00000032   Code   RO          241    i.USBD_CDC_EP0_RxReady  usbd_cdc.o
    0x08003c80   0x00000010   Code   RO          242    i.USBD_CDC_GetDeviceQualifierDescriptor  usbd_cdc.o
    0x08003c90   0x00000010   Code   RO          243    i.USBD_CDC_GetFSCfgDesc  usbd_cdc.o
    0x08003ca0   0x00000010   Code   RO          244    i.USBD_CDC_GetHSCfgDesc  usbd_cdc.o
    0x08003cb0   0x00000010   Code   RO          245    i.USBD_CDC_GetOtherSpeedCfgDesc  usbd_cdc.o
    0x08003cc0   0x000000a6   Code   RO          246    i.USBD_CDC_Init     usbd_cdc.o
    0x08003d66   0x0000003a   Code   RO          247    i.USBD_CDC_ReceivePacket  usbd_cdc.o
    0x08003da0   0x0000000e   Code   RO          248    i.USBD_CDC_RegisterInterface  usbd_cdc.o
    0x08003dae   0x0000000e   Code   RO          249    i.USBD_CDC_SetRxBuffer  usbd_cdc.o
    0x08003dbc   0x00000014   Code   RO          250    i.USBD_CDC_SetTxBuffer  usbd_cdc.o
    0x08003dd0   0x00000090   Code   RO          251    i.USBD_CDC_Setup    usbd_cdc.o
    0x08003e60   0x00000016   Code   RO          347    i.USBD_ClrClassConfig  usbd_core.o
    0x08003e76   0x00000044   Code   RO           13    i.USBD_ClrFeature   usbd_ctlreq.o
    0x08003eba   0x00000018   Code   RO          485    i.USBD_CtlContinueRx  usbd_ioreq.o
    0x08003ed2   0x00000018   Code   RO          486    i.USBD_CtlContinueSendData  usbd_ioreq.o
    0x08003eea   0x00000018   Code   RO           14    i.USBD_CtlError     usbd_ctlreq.o
    0x08003f02   0x00000028   Code   RO          487    i.USBD_CtlPrepareRx  usbd_ioreq.o
    0x08003f2a   0x0000001a   Code   RO          488    i.USBD_CtlReceiveStatus  usbd_ioreq.o
    0x08003f44   0x00000022   Code   RO          489    i.USBD_CtlSendData  usbd_ioreq.o
    0x08003f66   0x0000001a   Code   RO          490    i.USBD_CtlSendStatus  usbd_ioreq.o
    0x08003f80   0x00000034   Code   RO          880    i.USBD_FS_ConfigStrDescriptor  usbd_desc.o
    0x08003fb4   0x00000010   Code   RO          881    i.USBD_FS_DeviceDescriptor  usbd_desc.o
    0x08003fc4   0x00000038   Code   RO          882    i.USBD_FS_InterfaceStrDescriptor  usbd_desc.o
    0x08003ffc   0x00000010   Code   RO          883    i.USBD_FS_LangIDStrDescriptor  usbd_desc.o
    0x0800400c   0x0000002c   Code   RO          884    i.USBD_FS_ManufacturerStrDescriptor  usbd_desc.o
    0x08004038   0x00000040   Code   RO          885    i.USBD_FS_ProductStrDescriptor  usbd_desc.o
    0x08004078   0x00000038   Code   RO          886    i.USBD_FS_SerialStrDescriptor  usbd_desc.o
    0x080040b0   0x00000050   Code   RO           15    i.USBD_GetConfig    usbd_ctlreq.o
    0x08004100   0x00000148   Code   RO           16    i.USBD_GetDescriptor  usbd_ctlreq.o
    0x08004248   0x00000014   Code   RO           17    i.USBD_GetLen       usbd_ctlreq.o
    0x0800425c   0x00000044   Code   RO           18    i.USBD_GetStatus    usbd_ctlreq.o
    0x080042a0   0x00000052   Code   RO           19    i.USBD_GetString    usbd_ctlreq.o
    0x080042f2   0x00000032   Code   RO          349    i.USBD_Init         usbd_core.o
    0x08004324   0x00000014   Code   RO          558    i.USBD_LL_ClearStallEP  usbd_conf.o
    0x08004338   0x00000014   Code   RO          559    i.USBD_LL_CloseEP   usbd_conf.o
    0x0800434c   0x000000da   Code   RO          350    i.USBD_LL_DataInStage  usbd_core.o
    0x08004426   0x00000086   Code   RO          351    i.USBD_LL_DataOutStage  usbd_core.o
    0x080044ac   0x00000006   Code   RO          352    i.USBD_LL_DevConnected  usbd_core.o
    0x080044b2   0x0000001a   Code   RO          353    i.USBD_LL_DevDisconnected  usbd_core.o
    0x080044cc   0x00000012   Code   RO          563    i.USBD_LL_GetRxDataSize  usbd_conf.o
    0x080044de   0x00000002   PAD
    0x080044e0   0x00000068   Code   RO          564    i.USBD_LL_Init      usbd_conf.o
    0x08004548   0x00000038   Code   RO          565    i.USBD_LL_IsStallEP  usbd_conf.o
    0x08004580   0x00000006   Code   RO          354    i.USBD_LL_IsoINIncomplete  usbd_core.o
    0x08004586   0x00000006   Code   RO          355    i.USBD_LL_IsoOUTIncomplete  usbd_core.o
    0x0800458c   0x00000020   Code   RO          566    i.USBD_LL_OpenEP    usbd_conf.o
    0x080045ac   0x00000020   Code   RO          567    i.USBD_LL_PrepareReceive  usbd_conf.o
    0x080045cc   0x00000044   Code   RO          356    i.USBD_LL_Reset     usbd_core.o
    0x08004610   0x0000000e   Code   RO          357    i.USBD_LL_Resume    usbd_core.o
    0x0800461e   0x00000022   Code   RO          358    i.USBD_LL_SOF       usbd_core.o
    0x08004640   0x00000008   Code   RO          359    i.USBD_LL_SetSpeed  usbd_core.o
    0x08004648   0x00000014   Code   RO          568    i.USBD_LL_SetUSBAddress  usbd_conf.o
    0x0800465c   0x0000006e   Code   RO          360    i.USBD_LL_SetupStage  usbd_core.o
    0x080046ca   0x00000014   Code   RO          569    i.USBD_LL_StallEP   usbd_conf.o
    0x080046de   0x00000010   Code   RO          570    i.USBD_LL_Start     usbd_conf.o
    0x080046ee   0x00000014   Code   RO          361    i.USBD_LL_Suspend   usbd_core.o
    0x08004702   0x00000020   Code   RO          572    i.USBD_LL_Transmit  usbd_conf.o
    0x08004722   0x00000028   Code   RO           20    i.USBD_ParseSetupRequest  usbd_ctlreq.o
    0x0800474a   0x00000010   Code   RO          362    i.USBD_RegisterClass  usbd_core.o
    0x0800475a   0x00000006   Code   RO          363    i.USBD_RunTestMode  usbd_core.o
    0x08004760   0x00000054   Code   RO           21    i.USBD_SetAddress   usbd_ctlreq.o
    0x080047b4   0x00000022   Code   RO          364    i.USBD_SetClassConfig  usbd_core.o
    0x080047d6   0x00000002   PAD
    0x080047d8   0x000000e0   Code   RO           22    i.USBD_SetConfig    usbd_ctlreq.o
    0x080048b8   0x00000024   Code   RO           23    i.USBD_SetFeature   usbd_ctlreq.o
    0x080048dc   0x0000000e   Code   RO          365    i.USBD_Start        usbd_core.o
    0x080048ea   0x00000072   Code   RO           24    i.USBD_StdDevReq    usbd_ctlreq.o
    0x0800495c   0x00000156   Code   RO           25    i.USBD_StdEPReq     usbd_ctlreq.o
    0x08004ab2   0x0000004a   Code   RO           26    i.USBD_StdItfReq    usbd_ctlreq.o
    0x08004afc   0x000000c4   Code   RO         2372    i.USB_ActivateEndpoint  stm32f4xx_ll_usb.o
    0x08004bc0   0x00000044   Code   RO         2373    i.USB_ActivateSetup  stm32f4xx_ll_usb.o
    0x08004c04   0x00000070   Code   RO         2375    i.USB_CoreInit      stm32f4xx_ll_usb.o
    0x08004c74   0x0000004c   Code   RO         2376    i.USB_CoreReset     stm32f4xx_ll_usb.o
    0x08004cc0   0x000000a8   Code   RO         2378    i.USB_DeactivateEndpoint  stm32f4xx_ll_usb.o
    0x08004d68   0x0000001e   Code   RO         2379    i.USB_DevConnect    stm32f4xx_ll_usb.o
    0x08004d86   0x0000001e   Code   RO         2380    i.USB_DevDisconnect  stm32f4xx_ll_usb.o
    0x08004da4   0x0000019c   Code   RO         2381    i.USB_DevInit       stm32f4xx_ll_usb.o
    0x08004f40   0x0000000e   Code   RO         2382    i.USB_DisableGlobalInt  stm32f4xx_ll_usb.o
    0x08004f4e   0x00000002   PAD
    0x08004f50   0x000001b0   Code   RO         2385    i.USB_EP0StartXfer  stm32f4xx_ll_usb.o
    0x08005100   0x00000044   Code   RO         2386    i.USB_EP0_OutStart  stm32f4xx_ll_usb.o
    0x08005144   0x00000088   Code   RO         2387    i.USB_EPClearStall  stm32f4xx_ll_usb.o
    0x080051cc   0x0000008c   Code   RO         2388    i.USB_EPSetStall    stm32f4xx_ll_usb.o
    0x08005258   0x000002d0   Code   RO         2389    i.USB_EPStartXfer   stm32f4xx_ll_usb.o
    0x08005528   0x0000000e   Code   RO         2390    i.USB_EnableGlobalInt  stm32f4xx_ll_usb.o
    0x08005536   0x00000002   PAD
    0x08005538   0x0000002c   Code   RO         2391    i.USB_FlushRxFifo   stm32f4xx_ll_usb.o
    0x08005564   0x00000030   Code   RO         2392    i.USB_FlushTxFifo   stm32f4xx_ll_usb.o
    0x08005594   0x00000044   Code   RO         2394    i.USB_GetDevSpeed   stm32f4xx_ll_usb.o
    0x080055d8   0x0000000a   Code   RO         2396    i.USB_GetMode       stm32f4xx_ll_usb.o
    0x080055e2   0x00000012   Code   RO         2403    i.USB_ReadDevAllInEpInterrupt  stm32f4xx_ll_usb.o
    0x080055f4   0x00000012   Code   RO         2404    i.USB_ReadDevAllOutEpInterrupt  stm32f4xx_ll_usb.o
    0x08005606   0x0000002c   Code   RO         2405    i.USB_ReadDevInEPInterrupt  stm32f4xx_ll_usb.o
    0x08005632   0x00000016   Code   RO         2406    i.USB_ReadDevOutEPInterrupt  stm32f4xx_ll_usb.o
    0x08005648   0x0000000c   Code   RO         2407    i.USB_ReadInterrupts  stm32f4xx_ll_usb.o
    0x08005654   0x00000022   Code   RO         2408    i.USB_ReadPacket    stm32f4xx_ll_usb.o
    0x08005676   0x00000030   Code   RO         2410    i.USB_SetCurrentMode  stm32f4xx_ll_usb.o
    0x080056a6   0x00000024   Code   RO         2411    i.USB_SetDevAddress  stm32f4xx_ll_usb.o
    0x080056ca   0x00000010   Code   RO         2412    i.USB_SetDevSpeed   stm32f4xx_ll_usb.o
    0x080056da   0x00000030   Code   RO         2415    i.USB_WritePacket   stm32f4xx_ll_usb.o
    0x0800570a   0x00000002   Code   RO         5525    i._Init             segger_rtt.o
    0x0800570c   0x000000ea   Code   RO         5595    i._PrintInt         segger_rtt_printf.o
    0x080057f6   0x00000002   PAD
    0x080057f8   0x000000f4   Code   RO         5596    i._PrintUnsigned    segger_rtt_printf.o
    0x080058ec   0x00000044   Code   RO         5597    i._StoreChar        segger_rtt_printf.o
    0x08005930   0x0000000e   Code   RO         5687    i.__scatterload_copy  mc_w.l(handlers.o)
    0x0800593e   0x00000002   Code   RO         5688    i.__scatterload_null  mc_w.l(handlers.o)
    0x08005940   0x0000000e   Code   RO         5689    i.__scatterload_zeroinit  mc_w.l(handlers.o)
    0x0800594e   0x00000002   PAD
    0x08005950   0x0000005c   Code   RO         5375    i.eric_rtc_init     eric_rtc.o
    0x080059ac   0x00000144   Code   RO         5466    i.flash_erase_sector_init  eric_flash.o
    0x08005af0   0x00000160   Code   RO         5467    i.flash_init        eric_flash.o
    0x08005c50   0x0000005c   Code   RO         5468    i.flash_read        eric_flash.o
    0x08005cac   0x0000027c   Code   RO         5469    i.flash_write_movedata  eric_flash.o
    0x08005f28   0x00000050   Code   RO         5639    i.free              mc_w.l(malloc.o)
    0x08005f78   0x00000010   Code   RO         4281    i.inHandlerMode     cmsis_os.o
    0x08005f88   0x00000030   Code   RO         1074    i.main              main.o
    0x08005fb8   0x0000000e   Code   RO         4283    i.makeFreeRtosPriority  cmsis_os.o
    0x08005fc6   0x00000002   PAD
    0x08005fc8   0x0000006c   Code   RO         5640    i.malloc            mc_w.l(malloc.o)
    0x08006034   0x00000018   Code   RO         4284    i.osDelay           cmsis_os.o
    0x0800604c   0x0000000a   Code   RO         4287    i.osKernelStart     cmsis_os.o
    0x08006056   0x00000032   Code   RO         4310    i.osSemaphoreCreate  cmsis_os.o
    0x08006088   0x00000050   Code   RO         4312    i.osSemaphoreRelease  cmsis_os.o
    0x080060d8   0x0000006c   Code   RO         4313    i.osSemaphoreWait   cmsis_os.o
    0x08006144   0x00000010   Code   RO         4316    i.osSystickHandler  cmsis_os.o
    0x08006154   0x0000003a   Code   RO         4317    i.osThreadCreate    cmsis_os.o
    0x0800618e   0x00000002   PAD
    0x08006190   0x00000054   Code   RO         4638    i.prvAddCurrentTaskToDelayedList  tasks.o
    0x080061e4   0x00000042   Code   RO         4639    i.prvAllocateTCBAndStack  tasks.o
    0x08006226   0x00000002   PAD
    0x08006228   0x00000064   Code   RO         4640    i.prvCheckTasksWaitingTermination  tasks.o
    0x0800628c   0x0000002a   Code   RO         4952    i.prvCopyDataFromQueue  queue.o
    0x080062b6   0x00000080   Code   RO         4953    i.prvCopyDataToQueue  queue.o
    0x08006336   0x00000012   Code   RO         4641    i.prvDeleteTCB      tasks.o
    0x08006348   0x0000007c   Code   RO         5124    i.prvHeapInit       heap_4.o
    0x080063c4   0x00000028   Code   RO         4642    i.prvIdleTask       tasks.o
    0x080063ec   0x00000062   Code   RO         4643    i.prvInitialiseTCBVariables  tasks.o
    0x0800644e   0x00000002   PAD
    0x08006450   0x00000068   Code   RO         4644    i.prvInitialiseTaskLists  tasks.o
    0x080064b8   0x00000068   Code   RO         5125    i.prvInsertBlockIntoFreeList  heap_4.o
    0x08006520   0x0000001a   Code   RO         4954    i.prvIsQueueEmpty   queue.o
    0x0800653a   0x0000001e   Code   RO         4955    i.prvIsQueueFull    queue.o
    0x08006558   0x00000034   Code   RO         4646    i.prvResetNextTaskUnblockTime  tasks.o
    0x0800658c   0x00000040   Code   RO         5302    i.prvTaskExitError  port.o
    0x080065cc   0x0000007e   Code   RO         4956    i.prvUnlockQueue    queue.o
    0x0800664a   0x00000002   PAD
    0x0800664c   0x0000013c   Code   RO         5126    i.pvPortMalloc      heap_4.o
    0x08006788   0x00000020   Code   RO         4649    i.pvTaskIncrementMutexHeldCount  tasks.o
    0x080067a8   0x00000028   Code   RO         5303    i.pxPortInitialiseStack  port.o
    0x080067d0   0x00000030   Code   RO         1246    i.uart_read         usart.o
    0x08006800   0x00000028   Code   RO         5265    i.uxListRemove      list.o
    0x08006828   0x0000001a   Code   RO         5266    i.vListInitialise   list.o
    0x08006842   0x00000006   Code   RO         5267    i.vListInitialiseItem  list.o
    0x08006848   0x00000034   Code   RO         5268    i.vListInsert       list.o
    0x0800687c   0x00000018   Code   RO         5269    i.vListInsertEnd    list.o
    0x08006894   0x00000054   Code   RO         5305    i.vPortEnterCritical  port.o
    0x080068e8   0x0000003c   Code   RO         5306    i.vPortExitCritical  port.o
    0x08006924   0x00000094   Code   RO         5127    i.vPortFree         heap_4.o
    0x080069b8   0x00000020   Code   RO         5307    i.vPortSetupTimerInterrupt  port.o
    0x080069d8   0x00000078   Code   RO         5308    i.vPortValidateInterruptPriority  port.o
    0x08006a50   0x0000008c   Code   RO         4657    i.vTaskDelay        tasks.o
    0x08006adc   0x0000000c   Code   RO         4660    i.vTaskMissedYield  tasks.o
    0x08006ae8   0x0000007c   Code   RO         4662    i.vTaskPlaceOnEventList  tasks.o
    0x08006b64   0x000000b0   Code   RO         4664    i.vTaskPriorityInherit  tasks.o
    0x08006c14   0x00000030   Code   RO         4668    i.vTaskSetTimeOutState  tasks.o
    0x08006c44   0x00000070   Code   RO         4669    i.vTaskStartScheduler  tasks.o
    0x08006cb4   0x00000010   Code   RO         4671    i.vTaskSuspendAll   tasks.o
    0x08006cc4   0x0000008c   Code   RO         4672    i.vTaskSwitchContext  tasks.o
    0x08006d50   0x0000013c   Code   RO         5309    i.xPortStartScheduler  port.o
    0x08006e8c   0x00000034   Code   RO         5310    i.xPortSysTickHandler  port.o
    0x08006ec0   0x00000074   Code   RO         4966    i.xQueueCreateCountingSemaphore  queue.o
    0x08006f34   0x0000008c   Code   RO         4968    i.xQueueGenericCreate  queue.o
    0x08006fc0   0x000001ac   Code   RO         4969    i.xQueueGenericReceive  queue.o
    0x0800716c   0x00000094   Code   RO         4970    i.xQueueGenericReset  queue.o
    0x08007200   0x000001a0   Code   RO         4971    i.xQueueGenericSend  queue.o
    0x080073a0   0x000000d6   Code   RO         4973    i.xQueueGiveFromISR  queue.o
    0x08007476   0x000000bc   Code   RO         4978    i.xQueueReceiveFromISR  queue.o
    0x08007532   0x00000002   PAD
    0x08007534   0x0000008c   Code   RO         4673    i.xTaskCheckForTimeOut  tasks.o
    0x080075c0   0x00000170   Code   RO         4674    i.xTaskGenericCreate  tasks.o
    0x08007730   0x00000020   Code   RO         4677    i.xTaskGetSchedulerState  tasks.o
    0x08007750   0x0000014c   Code   RO         4680    i.xTaskIncrementTick  tasks.o
    0x0800789c   0x000000c8   Code   RO         4683    i.xTaskPriorityDisinherit  tasks.o
    0x08007964   0x00000098   Code   RO         4684    i.xTaskRemoveFromEventList  tasks.o
    0x080079fc   0x00000104   Code   RO         4686    i.xTaskResumeAll    tasks.o
    0x08007b00   0x00000028   Data   RO          984    .constdata          freertos.o
    0x08007b28   0x00000010   Data   RO         2075    .constdata          stm32f4xx_hal_rcc.o
    0x08007b38   0x00000010   Data   RO         5598    .constdata          segger_rtt_printf.o
    0x08007b48   0x00000018   Data   RO          985    .conststring        freertos.o
    0x08007b60   0x00000009   Data   RO         5528    .conststring        segger_rtt.o
    0x08007b69   0x00000003   PAD
    0x08007b6c   0x00000020   Data   RO         5685    Region$$Table       anon$$obj.o


    Execution Region RW_IRAM1 (Base: 0x20000000, Size: 0x00005390, Max: 0x00020000, ABSOLUTE, COMPRESSED[0x000000f0])

    Base Addr    Size         Type   Attr      Idx    E Section Name        Object

    0x20000000   0x00000001   Data   RW           27    .data               usbd_ctlreq.o
    0x20000001   0x00000003   PAD
    0x20000004   0x00000110   Data   RW          253    .data               usbd_cdc.o
    0x20000114   0x0000001c   Data   RW          830    .data               usbd_cdc_if.o
    0x20000130   0x00000034   Data   RW          888    .data               usbd_desc.o
    0x20000164   0x00000008   Data   RW          986    .data               freertos.o
    0x2000016c   0x00000001   Data   RW         1249    .data               usart.o
    0x2000016d   0x00000003   PAD
    0x20000170   0x00000004   Data   RW         2680    .data               stm32f4xx_hal.o
    0x20000174   0x00000004   Data   RW         4248    .data               system_stm32f4xx.o
    0x20000178   0x00000038   Data   RW         4689    .data               tasks.o
    0x200001b0   0x00000018   Data   RW         5132    .data               heap_4.o
    0x200001c8   0x0000000c   Data   RW         5311    .data               port.o
    0x200001d4   0x00000008   Data   RW         5377    .data               eric_rtc.o
    0x200001dc   0x00000011   Data   RW         5471    .data               eric_flash.o
    0x200001ed   0x00000003   PAD
    0x200001f0   0x00000078   Data   RW         5529    .data               segger_rtt.o
    0x20000268   0x00000004   Data   RW         5681    .data               mc_w.l(mvars.o)
    0x2000026c   0x00000004   Data   RW         5682    .data               mc_w.l(mvars.o)
    0x20000270   0x000003b8   Zero   RW          573    .bss                usbd_conf.o
    0x20000628   0x00000200   Zero   RW          887    .bss                usbd_desc.o
    0x20000828   0x00000224   Zero   RW          948    .bss                usb_device.o
    0x20000a4c   0x00000044   Zero   RW         1161    .bss                i2c.o
    0x20000a90   0x00000058   Zero   RW         1203    .bss                spi.o
    0x20000ae8   0x00000040   Zero   RW         1248    .bss                usart.o
    0x20000b28   0x00000020   Zero   RW         2823    .bss                stm32f4xx_hal_flash.o
    0x20000b48   0x000000f0   Zero   RW         4688    .bss                tasks.o
    0x20000c38   0x00003c00   Zero   RW         5131    .bss                heap_4.o
    0x20004838   0x00000048   Zero   RW         5376    .bss                eric_rtc.o
    0x20004880   0x00000100   Zero   RW         5470    .bss                eric_flash.o
    0x20004980   0x00000410   Zero   RW         5527    .bss                segger_rtt.o
    0x20004d90   0x00000400   Zero   RW            2    HEAP                startup_stm32f407xx.o
    0x20005190   0x00000200   Zero   RW            1    STACK               startup_stm32f407xx.o


==============================================================================

Image component sizes


      Code (inc. data)   RO Data    RW Data    ZI Data      Debug   Object Name

       376          8          0          0          0      17409   cmsis_os.o
      1556        482          0         17        256       4832   eric_flash.o
       464        126          0          8         72       4098   eric_rtc.o
       340        108         64          8          0       3240   freertos.o
       132          6          0          0          0        859   gpio.o
       692         62          0         24      15360       7183   heap_4.o
       148         28          0          0         68       1545   i2c.o
       148          0          0          0          0       3542   list.o
       284         22          0          0          0       2236   main.o
       954         90          0         12          0       9397   port.o
      2002         12          0          0          0      13697   queue.o
       378          4          9        120       1040       2873   segger_rtt.o
      1076          4         16          0          0       6001   segger_rtt_printf.o
       152         22          0          0         88       1561   spi.o
        36          8        392          0       1536        828   startup_stm32f407xx.o
       150         16          0          4          0       4167   stm32f4xx_hal.o
       338         22          0          0          0      31457   stm32f4xx_hal_cortex.o
       668         60          0          0         32       5926   stm32f4xx_hal_flash.o
       444         26          0          0          0       3230   stm32f4xx_hal_flash_ex.o
       524         48          0          0          0       1740   stm32f4xx_hal_gpio.o
       296         10          0          0          0       1975   stm32f4xx_hal_i2c.o
       104          4          0          0          0       1468   stm32f4xx_hal_msp.o
      2698          0          0          0          0      10585   stm32f4xx_hal_pcd.o
        92          0          0          0          0       1788   stm32f4xx_hal_pcd_ex.o
      1668         68         16          0          0       5655   stm32f4xx_hal_rcc.o
       428         20          0          0          0       1372   stm32f4xx_hal_rcc_ex.o
      1770         32          0          0          0       9465   stm32f4xx_hal_rtc.o
         2          0          0          0          0        976   stm32f4xx_hal_rtc_ex.o
       160          0          0          0          0       1135   stm32f4xx_hal_spi.o
      1712          8          0          0          0       6711   stm32f4xx_hal_uart.o
        60         18          0          0          0      22225   stm32f4xx_it.o
      3082         58          0          0          0      20170   stm32f4xx_ll_usb.o
       100         18          0          4          0       1329   system_stm32f4xx.o
      2846        364          0         56        240      29870   tasks.o
         0          0          0          0          0       1488   timers.o
       228         52          0          1         64       2686   usart.o
        52         16          0          0        548        704   usb_device.o
       672         30          0        272          0      12176   usbd_cdc.o
       156         22          0         28          0       4450   usbd_cdc_if.o
       770         18          0          0        952      14082   usbd_conf.o
       792          0          0          0          0      12493   usbd_core.o
      1584         30          0          1          0     415396   usbd_ctlreq.o
       304        128          0         52        512       5251   usbd_desc.o
       174          0          0          0          0       4544   usbd_ioreq.o

    ----------------------------------------------------------------------
     30662       2050        532        616      20768     713815   Object Totals
         0          0         32          0          0          0   (incl. Generated)
        50          0          3          9          0          0   (incl. Padding)

    ----------------------------------------------------------------------

      Code (inc. data)   RO Data    RW Data    ZI Data      Debug   Library Member Name

        86          0          0          0          0          0   __dczerorl2.o
         0          0          0          0          0          0   entry.o
         0          0          0          0          0          0   entry10a.o
         0          0          0          0          0          0   entry11a.o
         8          4          0          0          0          0   entry2.o
         4          0          0          0          0          0   entry5.o
         0          0          0          0          0          0   entry7b.o
         0          0          0          0          0          0   entry8b.o
         8          4          0          0          0          0   entry9a.o
        30          0          0          0          0          0   handlers.o
        36          8          0          0          0         68   init.o
       188         20          0          0          0        160   malloc.o
        36          0          0          0          0         68   memcpya.o
        36          0          0          0          0        108   memseta.o
         0          0          0          8          0          0   mvars.o

    ----------------------------------------------------------------------
       434         36          0          8          0        404   Library Totals
         2          0          0          0          0          0   (incl. Padding)

    ----------------------------------------------------------------------

      Code (inc. data)   RO Data    RW Data    ZI Data      Debug   Library Name

       432         36          0          8          0        404   mc_w.l

    ----------------------------------------------------------------------
       434         36          0          8          0        404   Library Totals

    ----------------------------------------------------------------------

==============================================================================


      Code (inc. data)   RO Data    RW Data    ZI Data      Debug   

     31096       2086        532        624      20768     685747   Grand Totals
     31096       2086        532        240      20768     685747   ELF Image Totals (compressed)
     31096       2086        532        240          0          0   ROM Totals

==============================================================================

    Total RO  Size (Code + RO Data)                31628 (  30.89kB)
    Total RW  Size (RW Data + ZI Data)             21392 (  20.89kB)
    Total ROM Size (Code + RO Data + RW Data)      31868 (  31.12kB)

==============================================================================

