<html>
<body>
<pre>
<h1>礦ision Build Log</h1>
<h2>Tool Versions:</h2>
IDE-Version: μVision V5.13.0.0
Copyright (C) 2014 ARM Ltd and ARM Germany GmbH. All rights reserved.
License Information: eric Sky123.Org, Sky123.Org, LIC=BL22Z-JMWAY-D25L7-EH8ZH-CCLLW-QAJ26
 
Tool Versions:
Toolchain:       MDK-ARM Professional  Version: 5.13.0.0
Toolchain Path:  d:\develop\Keil_v5\ARM\ARMCC\Bin
C Compiler:      Armcc.exe V5.05 update 1 (build 106)
Assembler:       Armasm.exe V5.05 update 1 (build 106)
Linker/Locator:  ArmLink.exe V5.05 update 1 (build 106)
Library Manager: ArmAr.exe V5.05 update 1 (build 106)
Hex Converter:   FromElf.exe V5.05 update 1 (build 106)
CPU DLL:         SARMCM3.DLL V5.13.0.0
Dialog DLL:      DCM.DLL V1.13.1.0
Target DLL:      Segger\JL2CM3.dll V2.99.11.0
Dialog DLL:      TCM.DLL V1.14.4.0
 
<h2>Project:</h2>
E:\项目\51822\st资料\test\demo\MDK-ARM\demo.uvprojx
Project File Date:  03/17/2016

<h2>Output:</h2>
Build target 'demo'
compiling freertos.c...
../Src/eric_flash.h(31): warning:  #1-D: last line of file ends without a newline
  #endif
../Src/freertos.c(159): warning:  #223-D: function "eric_rtc_init" declared implicitly
                eric_rtc_init();
../Src/freertos.c(189): warning:  #223-D: function "SEGGER_RTT_printf" declared implicitly
        SEGGER_RTT_printf(0,"TIMER:test\r\n");          
../Src/freertos.c(192): warning:  #223-D: function "led_flash" declared implicitly
        led_flash(flag);
../Src/freertos.c(185): warning:  #177-D: variable "curr_time" was declared but never referenced
        uint8_t curr_time[3];
../Src/freertos.c(219): warning:  #223-D: function "RTC_Set_datetime" declared implicitly
                        RTC_Set_datetime(data);
../Src/freertos.c(220): warning:  #223-D: function "flash_init" declared implicitly
                        flash_init(); 
../Src/freertos.c(232): warning:  #223-D: function "flash_write_movedata" declared implicitly
                                        flash_write_movedata(a,b);
../Src/freertos.c(242): warning:  #223-D: function "SEGGER_RTT_printf" declared implicitly
                                        SEGGER_RTT_printf(0,"StartFlashTask:mutex error!\r\n");                         
../Src/freertos.c(217): warning:  #177-D: variable "event" was declared but never referenced
                        osEvent event;
../Src/freertos.c(260): warning:  #223-D: function "rece_dispatch" declared implicitly
                                                rece_dispatch(buffer);
../Src/freertos.c(262): warning:  #223-D: function "SEGGER_RTT_printf" declared implicitly
                                        SEGGER_RTT_printf(0,"func_Rece_dataTask:mutex error!\r\n");                             
../Src/freertos.c(251): warning:  #177-D: variable "len" was declared but never referenced
                        uint8_t len=0;
../Src/freertos.c(252): warning:  #177-D: variable "mode" was declared but never referenced
                        uint8_t mode=0;//0=读长度阶段，1=命令阶段
../Src/freertos.c(274): warning:  #223-D: function "SEGGER_RTT_printf" declared implicitly
                SEGGER_RTT_printf(0,"receive signal!\r\n");                     
../Src/freertos.c(281): warning:  #177-D: variable "curr_time" was declared but never referenced
  {uint8_t curr_time[3];
../Src/freertos.c: 16 warnings, 0 errors
linking...
Program Size: Code=37360 RO-data=644 RW-data=676 ZI-data=21036  
"demo\demo.axf" - 0 Error(s), 16 Warning(s).

<h2>Software Packages used:</h2>

Package Vendor: ARM
                http://www.keil.com/pack/ARM.CMSIS.4.5.0.pack
                ARM::CMSIS:CORE:4.3.0
                CMSIS (Cortex Microcontroller Software Interface Standard)
   * Component: CORE Version: 4.3.0

<h2>Collection of Component include folders:</h2>
  E:\项目\51822\st资料\test\demo\MDK-ARM\RTE
  d:\develop\Keil_v5\ARM\PACK\ARM\CMSIS\4.5.0\CMSIS\Include
  d:\develop\Keil_v5\ARM\PACK\Keil\STM32F4xx_DFP\2.7.0

<h2>Collection of Component Files used:</h2>

   * Component: ARM::CMSIS:CORE:4.3.0
</pre>
</body>
</html>
