<html>
<body>
<pre>
<h1>礦ision Build Log</h1>
<h2>Tool Versions:</h2>
IDE-Version: μVision V5.13.0.0
Copyright (C) 2014 ARM Ltd and ARM Germany GmbH. All rights reserved.
License Information: eric Sky123.Org, Sky123.Org, LIC=BL22Z-JMWAY-D25L7-EH8ZH-CCLLW-QAJ26
 
Tool Versions:
Toolchain:       MDK-ARM Professional  Version: 5.13.0.0
Toolchain Path:  d:\develop\Keil_v5\ARM\ARMCC\Bin
C Compiler:      Armcc.exe V5.05 update 1 (build 106)
Assembler:       Armasm.exe V5.05 update 1 (build 106)
Linker/Locator:  ArmLink.exe V5.05 update 1 (build 106)
Library Manager: ArmAr.exe V5.05 update 1 (build 106)
Hex Converter:   FromElf.exe V5.05 update 1 (build 106)
CPU DLL:         SARMCM3.DLL V5.13.0.0
Dialog DLL:      DCM.DLL V1.13.1.0
Target DLL:      Segger\JL2CM3.dll V2.99.11.0
Dialog DLL:      TCM.DLL V1.14.4.0
 
<h2>Project:</h2>
E:\项目\51822\st资料\test\demo\MDK-ARM\demo.uvprojx
Project File Date:  03/11/2016

<h2>Output:</h2>
Build target 'demo'
compiling freertos.c...
../Src/eric_flash.h(31): warning:  #1-D: last line of file ends without a newline
  #endif
../Src/freertos.c(144): warning:  #223-D: function "RTC_Set_datetime" declared implicitly
                        RTC_Set_datetime(data);
../Src/freertos.c(146): warning:  #223-D: function "RTC_AlarmConfig" declared implicitly
                        RTC_AlarmConfig(data[3],data[4]+1);
../Src/freertos.c(149): warning:  #223-D: function "SEGGER_RTT_printf" declared implicitly
                        SEGGER_RTT_printf(0,"set_time=%02d-%02d-%02d;%02d-%02d-%02d;\r\n",data[0],data[1],data[2],data[3],data[4],data[5]);
../Src/freertos.c(124): warning:  #177-D: variable "count" was declared but never referenced
        uint8_t count=0;
../Src/freertos.c(170): warning:  #223-D: function "RTC_Set_datetime" declared implicitly
                        RTC_Set_datetime(data);
../Src/freertos.c(171): warning:  #223-D: function "flash_init" declared implicitly
                        flash_init(); 
../Src/freertos.c(183): warning:  #223-D: function "flash_write_movedata" declared implicitly
                                        flash_write_movedata(a,b);
../Src/freertos.c(186): warning:  #223-D: function "SEGGER_RTT_printf" declared implicitly
                                        SEGGER_RTT_printf(0,"StartFlashTask:mutex error!\r\n");                         
../Src/freertos.c: 9 warnings, 0 errors
compiling main.c...
../Src/main.c(67): warning:  #223-D: function "SEGGER_RTT_printf" declared implicitly
        SEGGER_RTT_printf(0,"%err:%s\r\n",err);
../Src/main.c(76): warning:  #223-D: function "SEGGER_RTT_Init" declared implicitly
        SEGGER_RTT_Init();
../Src/main.c(95): warning:  #223-D: function "eric_rtc_init" declared implicitly
                eric_rtc_init();
../Src/main.c: 3 warnings, 0 errors
compiling eric_rtc.c...
..\Src\main.h(27): warning:  #1-D: last line of file ends without a newline
  #endif
..\Src\eric_rtc.h(9): warning:  #1295-D: Deprecated declaration eric_rtc_init - give arg types
  void eric_rtc_init();
..\Src\eric_rtc.h(14): warning:  #1-D: last line of file ends without a newline
  #endif
..\Src\eric_rtc.c(203): warning:  #177-D: variable "temp" was declared but never referenced
        uint16_t temp=0;
..\Src\eric_rtc.c(157): warning:  #177-D: function "RTC_CalendarConfig" was declared but never referenced
  static void RTC_CalendarConfig(void)
..\Src\eric_rtc.c: 5 warnings, 0 errors
linking...
Program Size: Code=31096 RO-data=532 RW-data=624 ZI-data=20768  
"demo\demo.axf" - 0 Error(s), 17 Warning(s).

<h2>Software Packages used:</h2>

Package Vendor: ARM
                http://www.keil.com/pack/ARM.CMSIS.4.5.0.pack
                ARM::CMSIS:CORE:4.3.0
                CMSIS (Cortex Microcontroller Software Interface Standard)
   * Component: CORE Version: 4.3.0

<h2>Collection of Component include folders:</h2>
  E:\项目\51822\st资料\test\demo\MDK-ARM\RTE
  d:\develop\Keil_v5\ARM\PACK\ARM\CMSIS\4.5.0\CMSIS\Include
  d:\develop\Keil_v5\ARM\PACK\Keil\STM32F4xx_DFP\2.7.0

<h2>Collection of Component Files used:</h2>

   * Component: ARM::CMSIS:CORE:4.3.0
</pre>
</body>
</html>
